[    0.000000] Linux version 5.12.0+ (xueli@xueli) (gcc (Ubuntu 9.3.0-17ubuntu1~20.04) 9.3.0, GNU ld (GNU Binutils for Ubuntu) 2.34) #2 SMP Fri May 14 00:00:28 EDT 2021
[    0.000000] Command line: BOOT_IMAGE=/boot/vmlinuz-5.12.0+ root=UUID=b80dd189-641d-4187-8838-b939dfce2171 ro quiet splash
[    0.000000] KERNEL supported cpus:
[    0.000000]   Intel GenuineIntel
[    0.000000]   AMD AuthenticAMD
[    0.000000]   Hygon HygonGenuine
[    0.000000]   Centaur CentaurHauls
[    0.000000]   zhaoxin   Shanghai  
[    0.000000] Disabled fast string operations
[    0.000000] x86/fpu: Supporting XSAVE feature 0x001: 'x87 floating point registers'
[    0.000000] x86/fpu: Supporting XSAVE feature 0x002: 'SSE registers'
[    0.000000] x86/fpu: Supporting XSAVE feature 0x004: 'AVX registers'
[    0.000000] x86/fpu: xstate_offset[2]:  576, xstate_sizes[2]:  256
[    0.000000] x86/fpu: Enabled xstate features 0x7, context size is 832 bytes, using 'standard' format.
[    0.000000] BIOS-provided physical RAM map:
[    0.000000] BIOS-e820: [mem 0x0000000000000000-0x000000000009e7ff] usable
[    0.000000] BIOS-e820: [mem 0x000000000009e800-0x000000000009ffff] reserved
[    0.000000] BIOS-e820: [mem 0x00000000000dc000-0x00000000000fffff] reserved
[    0.000000] BIOS-e820: [mem 0x0000000000100000-0x00000000bfecffff] usable
[    0.000000] BIOS-e820: [mem 0x00000000bfed0000-0x00000000bfefefff] ACPI data
[    0.000000] BIOS-e820: [mem 0x00000000bfeff000-0x00000000bfefffff] ACPI NVS
[    0.000000] BIOS-e820: [mem 0x00000000bff00000-0x00000000bfffffff] usable
[    0.000000] BIOS-e820: [mem 0x00000000f0000000-0x00000000f7ffffff] reserved
[    0.000000] BIOS-e820: [mem 0x00000000fec00000-0x00000000fec0ffff] reserved
[    0.000000] BIOS-e820: [mem 0x00000000fee00000-0x00000000fee00fff] reserved
[    0.000000] BIOS-e820: [mem 0x00000000fffe0000-0x00000000ffffffff] reserved
[    0.000000] BIOS-e820: [mem 0x0000000100000000-0x000000013fffffff] usable
[    0.000000] NX (Execute Disable) protection: active
[    0.000000] SMBIOS 2.7 present.
[    0.000000] DMI: VMware, Inc. VMware Virtual Platform/440BX Desktop Reference Platform, BIOS 6.00 07/22/2020
[    0.000000] vmware: hypercall mode: 0x02
[    0.000000] Hypervisor detected: VMware
[    0.000000] vmware: TSC freq read from hypervisor : 2598.497 MHz
[    0.000000] vmware: Host bus clock speed read from hypervisor : 66000000 Hz
[    0.000000] vmware: using clock offset of 166820138458 ns
[    0.000024] tsc: Detected 2598.497 MHz processor
[    0.001833] e820: update [mem 0x00000000-0x00000fff] usable ==> reserved
[    0.001838] e820: remove [mem 0x000a0000-0x000fffff] usable
[    0.001843] last_pfn = 0x140000 max_arch_pfn = 0x400000000
[    0.001877] x86/PAT: Configuration [0-7]: WB  WC  UC- UC  WB  WP  UC- WT  
[    0.001892] total RAM covered: 130048M
[    0.002329] Found optimal setting for mtrr clean up
[    0.002330]  gran_size: 64K 	chunk_size: 64K 	num_reg: 7  	lose cover RAM: 0G
[    0.002386] e820: update [mem 0xc0000000-0xffffffff] usable ==> reserved
[    0.002394] last_pfn = 0xc0000 max_arch_pfn = 0x400000000
[    0.015996] found SMP MP-table at [mem 0x000f6a70-0x000f6a7f]
[    0.016057] Using GB pages for direct mapping
[    0.016248] RAMDISK: [mem 0x09531000-0x37feefff]
[    0.016255] ACPI: Early table checksum verification disabled
[    0.016260] ACPI: RSDP 0x00000000000F6A00 000024 (v02 PTLTD )
[    0.016266] ACPI: XSDT 0x00000000BFEDC5D7 000064 (v01 INTEL  440BX    06040000 VMW  01324272)
[    0.016274] ACPI: FACP 0x00000000BFEFEE73 0000F4 (v04 INTEL  440BX    06040000 PTL  000F4240)
[    0.016283] ACPI: DSDT 0x00000000BFEDD9E8 02148B (v01 PTLTD  Custom   06040000 MSFT 03000001)
[    0.016291] ACPI: FACS 0x00000000BFEFFFC0 000040
[    0.016296] ACPI: FACS 0x00000000BFEFFFC0 000040
[    0.016300] ACPI: BOOT 0x00000000BFEDD9C0 000028 (v01 PTLTD  $SBFTBL$ 06040000  LTP 00000001)
[    0.016305] ACPI: APIC 0x00000000BFEDD27E 000742 (v01 PTLTD  ? APIC   06040000  LTP 00000000)
[    0.016311] ACPI: MCFG 0x00000000BFEDD242 00003C (v01 PTLTD  $PCITBL$ 06040000  LTP 00000001)
[    0.016315] ACPI: SRAT 0x00000000BFEDC72F 0008D0 (v02 VMWARE MEMPLUG  06040000 VMW  00000001)
[    0.016321] ACPI: HPET 0x00000000BFEDC6F7 000038 (v01 VMWARE VMW HPET 06040000 VMW  00000001)
[    0.016325] ACPI: WAET 0x00000000BFEDC6CF 000028 (v01 VMWARE VMW WAET 06040000 VMW  00000001)
[    0.016330] ACPI: DMAR 0x00000000BFEDC67F 000050 (v01 VMWARE VMW DMAR 06040000 VMW  00000001)
[    0.016334] ACPI: Reserving FACP table memory at [mem 0xbfefee73-0xbfefef66]
[    0.016336] ACPI: Reserving DSDT table memory at [mem 0xbfedd9e8-0xbfefee72]
[    0.016337] ACPI: Reserving FACS table memory at [mem 0xbfefffc0-0xbfefffff]
[    0.016338] ACPI: Reserving FACS table memory at [mem 0xbfefffc0-0xbfefffff]
[    0.016339] ACPI: Reserving BOOT table memory at [mem 0xbfedd9c0-0xbfedd9e7]
[    0.016340] ACPI: Reserving APIC table memory at [mem 0xbfedd27e-0xbfedd9bf]
[    0.016341] ACPI: Reserving MCFG table memory at [mem 0xbfedd242-0xbfedd27d]
[    0.016342] ACPI: Reserving SRAT table memory at [mem 0xbfedc72f-0xbfedcffe]
[    0.016343] ACPI: Reserving HPET table memory at [mem 0xbfedc6f7-0xbfedc72e]
[    0.016344] ACPI: Reserving WAET table memory at [mem 0xbfedc6cf-0xbfedc6f6]
[    0.016345] ACPI: Reserving DMAR table memory at [mem 0xbfedc67f-0xbfedc6ce]
[    0.016380] ACPI: Local APIC address 0xfee00000
[    0.016394] system APIC only can use physical flat
[    0.016395] Setting APIC routing to physical flat.
[    0.016440] SRAT: PXM 0 -> APIC 0x00 -> Node 0
[    0.016441] SRAT: PXM 0 -> APIC 0x01 -> Node 0
[    0.016442] SRAT: PXM 0 -> APIC 0x02 -> Node 0
[    0.016443] SRAT: PXM 0 -> APIC 0x03 -> Node 0
[    0.016444] SRAT: PXM 0 -> APIC 0x04 -> Node 0
[    0.016445] SRAT: PXM 0 -> APIC 0x05 -> Node 0
[    0.016445] SRAT: PXM 0 -> APIC 0x06 -> Node 0
[    0.016446] SRAT: PXM 0 -> APIC 0x07 -> Node 0
[    0.016447] SRAT: PXM 0 -> APIC 0x08 -> Node 0
[    0.016447] SRAT: PXM 0 -> APIC 0x09 -> Node 0
[    0.016448] SRAT: PXM 0 -> APIC 0x0a -> Node 0
[    0.016449] SRAT: PXM 0 -> APIC 0x0b -> Node 0
[    0.016450] SRAT: PXM 0 -> APIC 0x0c -> Node 0
[    0.016450] SRAT: PXM 0 -> APIC 0x0d -> Node 0
[    0.016451] SRAT: PXM 0 -> APIC 0x0e -> Node 0
[    0.016452] SRAT: PXM 0 -> APIC 0x0f -> Node 0
[    0.016453] SRAT: PXM 0 -> APIC 0x10 -> Node 0
[    0.016454] SRAT: PXM 0 -> APIC 0x11 -> Node 0
[    0.016454] SRAT: PXM 0 -> APIC 0x12 -> Node 0
[    0.016455] SRAT: PXM 0 -> APIC 0x13 -> Node 0
[    0.016456] SRAT: PXM 0 -> APIC 0x14 -> Node 0
[    0.016457] SRAT: PXM 0 -> APIC 0x15 -> Node 0
[    0.016457] SRAT: PXM 0 -> APIC 0x16 -> Node 0
[    0.016458] SRAT: PXM 0 -> APIC 0x17 -> Node 0
[    0.016459] SRAT: PXM 0 -> APIC 0x18 -> Node 0
[    0.016460] SRAT: PXM 0 -> APIC 0x19 -> Node 0
[    0.016461] SRAT: PXM 0 -> APIC 0x1a -> Node 0
[    0.016461] SRAT: PXM 0 -> APIC 0x1b -> Node 0
[    0.016462] SRAT: PXM 0 -> APIC 0x1c -> Node 0
[    0.016463] SRAT: PXM 0 -> APIC 0x1d -> Node 0
[    0.016464] SRAT: PXM 0 -> APIC 0x1e -> Node 0
[    0.016464] SRAT: PXM 0 -> APIC 0x1f -> Node 0
[    0.016465] SRAT: PXM 0 -> APIC 0x20 -> Node 0
[    0.016466] SRAT: PXM 0 -> APIC 0x21 -> Node 0
[    0.016467] SRAT: PXM 0 -> APIC 0x22 -> Node 0
[    0.016467] SRAT: PXM 0 -> APIC 0x23 -> Node 0
[    0.016468] SRAT: PXM 0 -> APIC 0x24 -> Node 0
[    0.016469] SRAT: PXM 0 -> APIC 0x25 -> Node 0
[    0.016470] SRAT: PXM 0 -> APIC 0x26 -> Node 0
[    0.016470] SRAT: PXM 0 -> APIC 0x27 -> Node 0
[    0.016471] SRAT: PXM 0 -> APIC 0x28 -> Node 0
[    0.016472] SRAT: PXM 0 -> APIC 0x29 -> Node 0
[    0.016473] SRAT: PXM 0 -> APIC 0x2a -> Node 0
[    0.016473] SRAT: PXM 0 -> APIC 0x2b -> Node 0
[    0.016474] SRAT: PXM 0 -> APIC 0x2c -> Node 0
[    0.016475] SRAT: PXM 0 -> APIC 0x2d -> Node 0
[    0.016476] SRAT: PXM 0 -> APIC 0x2e -> Node 0
[    0.016476] SRAT: PXM 0 -> APIC 0x2f -> Node 0
[    0.016477] SRAT: PXM 0 -> APIC 0x30 -> Node 0
[    0.016478] SRAT: PXM 0 -> APIC 0x31 -> Node 0
[    0.016479] SRAT: PXM 0 -> APIC 0x32 -> Node 0
[    0.016480] SRAT: PXM 0 -> APIC 0x33 -> Node 0
[    0.016480] SRAT: PXM 0 -> APIC 0x34 -> Node 0
[    0.016481] SRAT: PXM 0 -> APIC 0x35 -> Node 0
[    0.016482] SRAT: PXM 0 -> APIC 0x36 -> Node 0
[    0.016483] SRAT: PXM 0 -> APIC 0x37 -> Node 0
[    0.016483] SRAT: PXM 0 -> APIC 0x38 -> Node 0
[    0.016484] SRAT: PXM 0 -> APIC 0x39 -> Node 0
[    0.016485] SRAT: PXM 0 -> APIC 0x3a -> Node 0
[    0.016486] SRAT: PXM 0 -> APIC 0x3b -> Node 0
[    0.016486] SRAT: PXM 0 -> APIC 0x3c -> Node 0
[    0.016487] SRAT: PXM 0 -> APIC 0x3d -> Node 0
[    0.016488] SRAT: PXM 0 -> APIC 0x3e -> Node 0
[    0.016489] SRAT: PXM 0 -> APIC 0x3f -> Node 0
[    0.016489] SRAT: PXM 0 -> APIC 0x40 -> Node 0
[    0.016490] SRAT: PXM 0 -> APIC 0x41 -> Node 0
[    0.016491] SRAT: PXM 0 -> APIC 0x42 -> Node 0
[    0.016492] SRAT: PXM 0 -> APIC 0x43 -> Node 0
[    0.016492] SRAT: PXM 0 -> APIC 0x44 -> Node 0
[    0.016493] SRAT: PXM 0 -> APIC 0x45 -> Node 0
[    0.016494] SRAT: PXM 0 -> APIC 0x46 -> Node 0
[    0.016495] SRAT: PXM 0 -> APIC 0x47 -> Node 0
[    0.016495] SRAT: PXM 0 -> APIC 0x48 -> Node 0
[    0.016496] SRAT: PXM 0 -> APIC 0x49 -> Node 0
[    0.016497] SRAT: PXM 0 -> APIC 0x4a -> Node 0
[    0.016498] SRAT: PXM 0 -> APIC 0x4b -> Node 0
[    0.016499] SRAT: PXM 0 -> APIC 0x4c -> Node 0
[    0.016499] SRAT: PXM 0 -> APIC 0x4d -> Node 0
[    0.016500] SRAT: PXM 0 -> APIC 0x4e -> Node 0
[    0.016501] SRAT: PXM 0 -> APIC 0x4f -> Node 0
[    0.016502] SRAT: PXM 0 -> APIC 0x50 -> Node 0
[    0.016502] SRAT: PXM 0 -> APIC 0x51 -> Node 0
[    0.016503] SRAT: PXM 0 -> APIC 0x52 -> Node 0
[    0.016504] SRAT: PXM 0 -> APIC 0x53 -> Node 0
[    0.016505] SRAT: PXM 0 -> APIC 0x54 -> Node 0
[    0.016505] SRAT: PXM 0 -> APIC 0x55 -> Node 0
[    0.016506] SRAT: PXM 0 -> APIC 0x56 -> Node 0
[    0.016507] SRAT: PXM 0 -> APIC 0x57 -> Node 0
[    0.016508] SRAT: PXM 0 -> APIC 0x58 -> Node 0
[    0.016508] SRAT: PXM 0 -> APIC 0x59 -> Node 0
[    0.016509] SRAT: PXM 0 -> APIC 0x5a -> Node 0
[    0.016510] SRAT: PXM 0 -> APIC 0x5b -> Node 0
[    0.016511] SRAT: PXM 0 -> APIC 0x5c -> Node 0
[    0.016511] SRAT: PXM 0 -> APIC 0x5d -> Node 0
[    0.016512] SRAT: PXM 0 -> APIC 0x5e -> Node 0
[    0.016513] SRAT: PXM 0 -> APIC 0x5f -> Node 0
[    0.016514] SRAT: PXM 0 -> APIC 0x60 -> Node 0
[    0.016514] SRAT: PXM 0 -> APIC 0x61 -> Node 0
[    0.016515] SRAT: PXM 0 -> APIC 0x62 -> Node 0
[    0.016516] SRAT: PXM 0 -> APIC 0x63 -> Node 0
[    0.016517] SRAT: PXM 0 -> APIC 0x64 -> Node 0
[    0.016517] SRAT: PXM 0 -> APIC 0x65 -> Node 0
[    0.016518] SRAT: PXM 0 -> APIC 0x66 -> Node 0
[    0.016519] SRAT: PXM 0 -> APIC 0x67 -> Node 0
[    0.016520] SRAT: PXM 0 -> APIC 0x68 -> Node 0
[    0.016520] SRAT: PXM 0 -> APIC 0x69 -> Node 0
[    0.016521] SRAT: PXM 0 -> APIC 0x6a -> Node 0
[    0.016522] SRAT: PXM 0 -> APIC 0x6b -> Node 0
[    0.016523] SRAT: PXM 0 -> APIC 0x6c -> Node 0
[    0.016524] SRAT: PXM 0 -> APIC 0x6d -> Node 0
[    0.016524] SRAT: PXM 0 -> APIC 0x6e -> Node 0
[    0.016525] SRAT: PXM 0 -> APIC 0x6f -> Node 0
[    0.016526] SRAT: PXM 0 -> APIC 0x70 -> Node 0
[    0.016527] SRAT: PXM 0 -> APIC 0x71 -> Node 0
[    0.016527] SRAT: PXM 0 -> APIC 0x72 -> Node 0
[    0.016528] SRAT: PXM 0 -> APIC 0x73 -> Node 0
[    0.016529] SRAT: PXM 0 -> APIC 0x74 -> Node 0
[    0.016530] SRAT: PXM 0 -> APIC 0x75 -> Node 0
[    0.016531] SRAT: PXM 0 -> APIC 0x76 -> Node 0
[    0.016531] SRAT: PXM 0 -> APIC 0x77 -> Node 0
[    0.016532] SRAT: PXM 0 -> APIC 0x78 -> Node 0
[    0.016533] SRAT: PXM 0 -> APIC 0x79 -> Node 0
[    0.016534] SRAT: PXM 0 -> APIC 0x7a -> Node 0
[    0.016534] SRAT: PXM 0 -> APIC 0x7b -> Node 0
[    0.016535] SRAT: PXM 0 -> APIC 0x7c -> Node 0
[    0.016536] SRAT: PXM 0 -> APIC 0x7d -> Node 0
[    0.016537] SRAT: PXM 0 -> APIC 0x7e -> Node 0
[    0.016537] SRAT: PXM 0 -> APIC 0x7f -> Node 0
[    0.016541] ACPI: SRAT: Node 0 PXM 0 [mem 0x00000000-0x0009ffff]
[    0.016544] ACPI: SRAT: Node 0 PXM 0 [mem 0x00100000-0xbfffffff]
[    0.016545] ACPI: SRAT: Node 0 PXM 0 [mem 0x100000000-0x13fffffff]
[    0.016547] ACPI: SRAT: Node 0 PXM 0 [mem 0x140000000-0x103fffffff] hotplug
[    0.016550] NUMA: Node 0 [mem 0x00000000-0x0009ffff] + [mem 0x00100000-0xbfffffff] -> [mem 0x00000000-0xbfffffff]
[    0.016552] NUMA: Node 0 [mem 0x00000000-0xbfffffff] + [mem 0x100000000-0x13fffffff] -> [mem 0x00000000-0x13fffffff]
[    0.016564] NODE_DATA(0) allocated [mem 0x13ffd4000-0x13fffdfff]
[    0.016902] Zone ranges:
[    0.016904]   DMA      [mem 0x0000000000001000-0x0000000000ffffff]
[    0.016906]   DMA32    [mem 0x0000000001000000-0x00000000ffffffff]
[    0.016908]   Normal   [mem 0x0000000100000000-0x000000013fffffff]
[    0.016910]   Device   empty
[    0.016911] Movable zone start for each node
[    0.016914] Early memory node ranges
[    0.016915]   node   0: [mem 0x0000000000001000-0x000000000009dfff]
[    0.016917]   node   0: [mem 0x0000000000100000-0x00000000bfecffff]
[    0.016918]   node   0: [mem 0x00000000bff00000-0x00000000bfffffff]
[    0.016919]   node   0: [mem 0x0000000100000000-0x000000013fffffff]
[    0.016921] Initmem setup node 0 [mem 0x0000000000001000-0x000000013fffffff]
[    0.016923] On node 0 totalpages: 1048429
[    0.016925]   DMA zone: 64 pages used for memmap
[    0.016926]   DMA zone: 21 pages reserved
[    0.016927]   DMA zone: 3997 pages, LIFO batch:0
[    0.017651]   DMA zone: 28771 pages in unavailable ranges
[    0.017653]   DMA32 zone: 12224 pages used for memmap
[    0.017654]   DMA32 zone: 782288 pages, LIFO batch:63
[    0.032645]   DMA32 zone: 48 pages in unavailable ranges
[    0.032651]   Normal zone: 4096 pages used for memmap
[    0.032653]   Normal zone: 262144 pages, LIFO batch:63
[    0.041995] ACPI: PM-Timer IO Port: 0x1008
[    0.042001] ACPI: Local APIC address 0xfee00000
[    0.042007] system APIC only can use physical flat
[    0.042025] ACPI: LAPIC_NMI (acpi_id[0x00] high edge lint[0x1])
[    0.042027] ACPI: LAPIC_NMI (acpi_id[0x01] high edge lint[0x1])
[    0.042029] ACPI: LAPIC_NMI (acpi_id[0x02] high edge lint[0x1])
[    0.042029] ACPI: LAPIC_NMI (acpi_id[0x03] high edge lint[0x1])
[    0.042030] ACPI: LAPIC_NMI (acpi_id[0x04] high edge lint[0x1])
[    0.042031] ACPI: LAPIC_NMI (acpi_id[0x05] high edge lint[0x1])
[    0.042032] ACPI: LAPIC_NMI (acpi_id[0x06] high edge lint[0x1])
[    0.042033] ACPI: LAPIC_NMI (acpi_id[0x07] high edge lint[0x1])
[    0.042034] ACPI: LAPIC_NMI (acpi_id[0x08] high edge lint[0x1])
[    0.042034] ACPI: LAPIC_NMI (acpi_id[0x09] high edge lint[0x1])
[    0.042035] ACPI: LAPIC_NMI (acpi_id[0x0a] high edge lint[0x1])
[    0.042036] ACPI: LAPIC_NMI (acpi_id[0x0b] high edge lint[0x1])
[    0.042037] ACPI: LAPIC_NMI (acpi_id[0x0c] high edge lint[0x1])
[    0.042038] ACPI: LAPIC_NMI (acpi_id[0x0d] high edge lint[0x1])
[    0.042039] ACPI: LAPIC_NMI (acpi_id[0x0e] high edge lint[0x1])
[    0.042039] ACPI: LAPIC_NMI (acpi_id[0x0f] high edge lint[0x1])
[    0.042040] ACPI: LAPIC_NMI (acpi_id[0x10] high edge lint[0x1])
[    0.042041] ACPI: LAPIC_NMI (acpi_id[0x11] high edge lint[0x1])
[    0.042042] ACPI: LAPIC_NMI (acpi_id[0x12] high edge lint[0x1])
[    0.042043] ACPI: LAPIC_NMI (acpi_id[0x13] high edge lint[0x1])
[    0.042044] ACPI: LAPIC_NMI (acpi_id[0x14] high edge lint[0x1])
[    0.042044] ACPI: LAPIC_NMI (acpi_id[0x15] high edge lint[0x1])
[    0.042045] ACPI: LAPIC_NMI (acpi_id[0x16] high edge lint[0x1])
[    0.042046] ACPI: LAPIC_NMI (acpi_id[0x17] high edge lint[0x1])
[    0.042047] ACPI: LAPIC_NMI (acpi_id[0x18] high edge lint[0x1])
[    0.042048] ACPI: LAPIC_NMI (acpi_id[0x19] high edge lint[0x1])
[    0.042049] ACPI: LAPIC_NMI (acpi_id[0x1a] high edge lint[0x1])
[    0.042049] ACPI: LAPIC_NMI (acpi_id[0x1b] high edge lint[0x1])
[    0.042050] ACPI: LAPIC_NMI (acpi_id[0x1c] high edge lint[0x1])
[    0.042051] ACPI: LAPIC_NMI (acpi_id[0x1d] high edge lint[0x1])
[    0.042052] ACPI: LAPIC_NMI (acpi_id[0x1e] high edge lint[0x1])
[    0.042053] ACPI: LAPIC_NMI (acpi_id[0x1f] high edge lint[0x1])
[    0.042054] ACPI: LAPIC_NMI (acpi_id[0x20] high edge lint[0x1])
[    0.042054] ACPI: LAPIC_NMI (acpi_id[0x21] high edge lint[0x1])
[    0.042055] ACPI: LAPIC_NMI (acpi_id[0x22] high edge lint[0x1])
[    0.042056] ACPI: LAPIC_NMI (acpi_id[0x23] high edge lint[0x1])
[    0.042057] ACPI: LAPIC_NMI (acpi_id[0x24] high edge lint[0x1])
[    0.042058] ACPI: LAPIC_NMI (acpi_id[0x25] high edge lint[0x1])
[    0.042058] ACPI: LAPIC_NMI (acpi_id[0x26] high edge lint[0x1])
[    0.042059] ACPI: LAPIC_NMI (acpi_id[0x27] high edge lint[0x1])
[    0.042060] ACPI: LAPIC_NMI (acpi_id[0x28] high edge lint[0x1])
[    0.042061] ACPI: LAPIC_NMI (acpi_id[0x29] high edge lint[0x1])
[    0.042062] ACPI: LAPIC_NMI (acpi_id[0x2a] high edge lint[0x1])
[    0.042062] ACPI: LAPIC_NMI (acpi_id[0x2b] high edge lint[0x1])
[    0.042063] ACPI: LAPIC_NMI (acpi_id[0x2c] high edge lint[0x1])
[    0.042064] ACPI: LAPIC_NMI (acpi_id[0x2d] high edge lint[0x1])
[    0.042065] ACPI: LAPIC_NMI (acpi_id[0x2e] high edge lint[0x1])
[    0.042066] ACPI: LAPIC_NMI (acpi_id[0x2f] high edge lint[0x1])
[    0.042067] ACPI: LAPIC_NMI (acpi_id[0x30] high edge lint[0x1])
[    0.042067] ACPI: LAPIC_NMI (acpi_id[0x31] high edge lint[0x1])
[    0.042068] ACPI: LAPIC_NMI (acpi_id[0x32] high edge lint[0x1])
[    0.042069] ACPI: LAPIC_NMI (acpi_id[0x33] high edge lint[0x1])
[    0.042070] ACPI: LAPIC_NMI (acpi_id[0x34] high edge lint[0x1])
[    0.042071] ACPI: LAPIC_NMI (acpi_id[0x35] high edge lint[0x1])
[    0.042072] ACPI: LAPIC_NMI (acpi_id[0x36] high edge lint[0x1])
[    0.042072] ACPI: LAPIC_NMI (acpi_id[0x37] high edge lint[0x1])
[    0.042073] ACPI: LAPIC_NMI (acpi_id[0x38] high edge lint[0x1])
[    0.042074] ACPI: LAPIC_NMI (acpi_id[0x39] high edge lint[0x1])
[    0.042075] ACPI: LAPIC_NMI (acpi_id[0x3a] high edge lint[0x1])
[    0.042076] ACPI: LAPIC_NMI (acpi_id[0x3b] high edge lint[0x1])
[    0.042076] ACPI: LAPIC_NMI (acpi_id[0x3c] high edge lint[0x1])
[    0.042077] ACPI: LAPIC_NMI (acpi_id[0x3d] high edge lint[0x1])
[    0.042078] ACPI: LAPIC_NMI (acpi_id[0x3e] high edge lint[0x1])
[    0.042079] ACPI: LAPIC_NMI (acpi_id[0x3f] high edge lint[0x1])
[    0.042080] ACPI: LAPIC_NMI (acpi_id[0x40] high edge lint[0x1])
[    0.042080] ACPI: LAPIC_NMI (acpi_id[0x41] high edge lint[0x1])
[    0.042081] ACPI: LAPIC_NMI (acpi_id[0x42] high edge lint[0x1])
[    0.042082] ACPI: LAPIC_NMI (acpi_id[0x43] high edge lint[0x1])
[    0.042083] ACPI: LAPIC_NMI (acpi_id[0x44] high edge lint[0x1])
[    0.042084] ACPI: LAPIC_NMI (acpi_id[0x45] high edge lint[0x1])
[    0.042085] ACPI: LAPIC_NMI (acpi_id[0x46] high edge lint[0x1])
[    0.042085] ACPI: LAPIC_NMI (acpi_id[0x47] high edge lint[0x1])
[    0.042086] ACPI: LAPIC_NMI (acpi_id[0x48] high edge lint[0x1])
[    0.042087] ACPI: LAPIC_NMI (acpi_id[0x49] high edge lint[0x1])
[    0.042088] ACPI: LAPIC_NMI (acpi_id[0x4a] high edge lint[0x1])
[    0.042089] ACPI: LAPIC_NMI (acpi_id[0x4b] high edge lint[0x1])
[    0.042090] ACPI: LAPIC_NMI (acpi_id[0x4c] high edge lint[0x1])
[    0.042090] ACPI: LAPIC_NMI (acpi_id[0x4d] high edge lint[0x1])
[    0.042091] ACPI: LAPIC_NMI (acpi_id[0x4e] high edge lint[0x1])
[    0.042092] ACPI: LAPIC_NMI (acpi_id[0x4f] high edge lint[0x1])
[    0.042093] ACPI: LAPIC_NMI (acpi_id[0x50] high edge lint[0x1])
[    0.042094] ACPI: LAPIC_NMI (acpi_id[0x51] high edge lint[0x1])
[    0.042094] ACPI: LAPIC_NMI (acpi_id[0x52] high edge lint[0x1])
[    0.042095] ACPI: LAPIC_NMI (acpi_id[0x53] high edge lint[0x1])
[    0.042096] ACPI: LAPIC_NMI (acpi_id[0x54] high edge lint[0x1])
[    0.042097] ACPI: LAPIC_NMI (acpi_id[0x55] high edge lint[0x1])
[    0.042098] ACPI: LAPIC_NMI (acpi_id[0x56] high edge lint[0x1])
[    0.042099] ACPI: LAPIC_NMI (acpi_id[0x57] high edge lint[0x1])
[    0.042099] ACPI: LAPIC_NMI (acpi_id[0x58] high edge lint[0x1])
[    0.042100] ACPI: LAPIC_NMI (acpi_id[0x59] high edge lint[0x1])
[    0.042101] ACPI: LAPIC_NMI (acpi_id[0x5a] high edge lint[0x1])
[    0.042102] ACPI: LAPIC_NMI (acpi_id[0x5b] high edge lint[0x1])
[    0.042103] ACPI: LAPIC_NMI (acpi_id[0x5c] high edge lint[0x1])
[    0.042104] ACPI: LAPIC_NMI (acpi_id[0x5d] high edge lint[0x1])
[    0.042104] ACPI: LAPIC_NMI (acpi_id[0x5e] high edge lint[0x1])
[    0.042105] ACPI: LAPIC_NMI (acpi_id[0x5f] high edge lint[0x1])
[    0.042106] ACPI: LAPIC_NMI (acpi_id[0x60] high edge lint[0x1])
[    0.042107] ACPI: LAPIC_NMI (acpi_id[0x61] high edge lint[0x1])
[    0.042108] ACPI: LAPIC_NMI (acpi_id[0x62] high edge lint[0x1])
[    0.042109] ACPI: LAPIC_NMI (acpi_id[0x63] high edge lint[0x1])
[    0.042109] ACPI: LAPIC_NMI (acpi_id[0x64] high edge lint[0x1])
[    0.042110] ACPI: LAPIC_NMI (acpi_id[0x65] high edge lint[0x1])
[    0.042111] ACPI: LAPIC_NMI (acpi_id[0x66] high edge lint[0x1])
[    0.042112] ACPI: LAPIC_NMI (acpi_id[0x67] high edge lint[0x1])
[    0.042113] ACPI: LAPIC_NMI (acpi_id[0x68] high edge lint[0x1])
[    0.042113] ACPI: LAPIC_NMI (acpi_id[0x69] high edge lint[0x1])
[    0.042114] ACPI: LAPIC_NMI (acpi_id[0x6a] high edge lint[0x1])
[    0.042115] ACPI: LAPIC_NMI (acpi_id[0x6b] high edge lint[0x1])
[    0.042116] ACPI: LAPIC_NMI (acpi_id[0x6c] high edge lint[0x1])
[    0.042117] ACPI: LAPIC_NMI (acpi_id[0x6d] high edge lint[0x1])
[    0.042118] ACPI: LAPIC_NMI (acpi_id[0x6e] high edge lint[0x1])
[    0.042118] ACPI: LAPIC_NMI (acpi_id[0x6f] high edge lint[0x1])
[    0.042119] ACPI: LAPIC_NMI (acpi_id[0x70] high edge lint[0x1])
[    0.042120] ACPI: LAPIC_NMI (acpi_id[0x71] high edge lint[0x1])
[    0.042121] ACPI: LAPIC_NMI (acpi_id[0x72] high edge lint[0x1])
[    0.042122] ACPI: LAPIC_NMI (acpi_id[0x73] high edge lint[0x1])
[    0.042122] ACPI: LAPIC_NMI (acpi_id[0x74] high edge lint[0x1])
[    0.042123] ACPI: LAPIC_NMI (acpi_id[0x75] high edge lint[0x1])
[    0.042124] ACPI: LAPIC_NMI (acpi_id[0x76] high edge lint[0x1])
[    0.042125] ACPI: LAPIC_NMI (acpi_id[0x77] high edge lint[0x1])
[    0.042126] ACPI: LAPIC_NMI (acpi_id[0x78] high edge lint[0x1])
[    0.042126] ACPI: LAPIC_NMI (acpi_id[0x79] high edge lint[0x1])
[    0.042127] ACPI: LAPIC_NMI (acpi_id[0x7a] high edge lint[0x1])
[    0.042128] ACPI: LAPIC_NMI (acpi_id[0x7b] high edge lint[0x1])
[    0.042129] ACPI: LAPIC_NMI (acpi_id[0x7c] high edge lint[0x1])
[    0.042130] ACPI: LAPIC_NMI (acpi_id[0x7d] high edge lint[0x1])
[    0.042131] ACPI: LAPIC_NMI (acpi_id[0x7e] high edge lint[0x1])
[    0.042131] ACPI: LAPIC_NMI (acpi_id[0x7f] high edge lint[0x1])
[    0.042177] IOAPIC[0]: apic_id 128, version 32, address 0xfec00000, GSI 0-23
[    0.042184] ACPI: INT_SRC_OVR (bus 0 bus_irq 0 global_irq 2 high edge)
[    0.042188] ACPI: IRQ0 used by override.
[    0.042190] ACPI: IRQ9 used by override.
[    0.042195] Using ACPI (MADT) for SMP configuration information
[    0.042197] ACPI: HPET id: 0x8086af01 base: 0xfed00000
[    0.042203] TSC deadline timer available
[    0.042211] smpboot: Allowing 128 CPUs, 120 hotplug CPUs
[    0.042229] PM: hibernation: Registered nosave memory: [mem 0x00000000-0x00000fff]
[    0.042232] PM: hibernation: Registered nosave memory: [mem 0x0009e000-0x0009efff]
[    0.042233] PM: hibernation: Registered nosave memory: [mem 0x0009f000-0x0009ffff]
[    0.042234] PM: hibernation: Registered nosave memory: [mem 0x000a0000-0x000dbfff]
[    0.042234] PM: hibernation: Registered nosave memory: [mem 0x000dc000-0x000fffff]
[    0.042236] PM: hibernation: Registered nosave memory: [mem 0xbfed0000-0xbfefefff]
[    0.042237] PM: hibernation: Registered nosave memory: [mem 0xbfeff000-0xbfefffff]
[    0.042241] PM: hibernation: Registered nosave memory: [mem 0xc0000000-0xefffffff]
[    0.042242] PM: hibernation: Registered nosave memory: [mem 0xf0000000-0xf7ffffff]
[    0.042243] PM: hibernation: Registered nosave memory: [mem 0xf8000000-0xfebfffff]
[    0.042244] PM: hibernation: Registered nosave memory: [mem 0xfec00000-0xfec0ffff]
[    0.042244] PM: hibernation: Registered nosave memory: [mem 0xfec10000-0xfedfffff]
[    0.042245] PM: hibernation: Registered nosave memory: [mem 0xfee00000-0xfee00fff]
[    0.042246] PM: hibernation: Registered nosave memory: [mem 0xfee01000-0xfffdffff]
[    0.042247] PM: hibernation: Registered nosave memory: [mem 0xfffe0000-0xffffffff]
[    0.042249] [mem 0xc0000000-0xefffffff] available for PCI devices
[    0.042250] Booting paravirtualized kernel on VMware hypervisor
[    0.042253] clocksource: refined-jiffies: mask: 0xffffffff max_cycles: 0xffffffff, max_idle_ns: 7645519600211568 ns
[    0.042260] setup_percpu: NR_CPUS:8192 nr_cpumask_bits:128 nr_cpu_ids:128 nr_node_ids:1
[    0.055059] percpu: Embedded 56 pages/cpu s192512 r8192 d28672 u262144
[    0.055074] pcpu-alloc: s192512 r8192 d28672 u262144 alloc=1*2097152
[    0.055077] pcpu-alloc: [0] 000 001 002 003 004 005 006 007 
[    0.055084] pcpu-alloc: [0] 008 009 010 011 012 013 014 015 
[    0.055089] pcpu-alloc: [0] 016 017 018 019 020 021 022 023 
[    0.055095] pcpu-alloc: [0] 024 025 026 027 028 029 030 031 
[    0.055100] pcpu-alloc: [0] 032 033 034 035 036 037 038 039 
[    0.055105] pcpu-alloc: [0] 040 041 042 043 044 045 046 047 
[    0.055110] pcpu-alloc: [0] 048 049 050 051 052 053 054 055 
[    0.055115] pcpu-alloc: [0] 056 057 058 059 060 061 062 063 
[    0.055120] pcpu-alloc: [0] 064 065 066 067 068 069 070 071 
[    0.055126] pcpu-alloc: [0] 072 073 074 075 076 077 078 079 
[    0.055131] pcpu-alloc: [0] 080 081 082 083 084 085 086 087 
[    0.055136] pcpu-alloc: [0] 088 089 090 091 092 093 094 095 
[    0.055141] pcpu-alloc: [0] 096 097 098 099 100 101 102 103 
[    0.055146] pcpu-alloc: [0] 104 105 106 107 108 109 110 111 
[    0.055152] pcpu-alloc: [0] 112 113 114 115 116 117 118 119 
[    0.055157] pcpu-alloc: [0] 120 121 122 123 124 125 126 127 
[    0.055218] Built 1 zonelists, mobility grouping on.  Total pages: 1032024
[    0.055221] Policy zone: Normal
[    0.055223] Kernel command line: BOOT_IMAGE=/boot/vmlinuz-5.12.0+ root=UUID=b80dd189-641d-4187-8838-b939dfce2171 ro quiet splash
[    0.055334] printk: log_buf_len individual max cpu contribution: 4096 bytes
[    0.055336] printk: log_buf_len total cpu_extra contributions: 520192 bytes
[    0.055337] printk: log_buf_len min size: 262144 bytes
[    0.057355] printk: log_buf_len: 1048576 bytes
[    0.057357] printk: early log buf free: 237408(90%)
[    0.058674] Dentry cache hash table entries: 524288 (order: 10, 4194304 bytes, linear)
[    0.059345] Inode-cache hash table entries: 262144 (order: 9, 2097152 bytes, linear)
[    0.062601] mem auto-init: stack:off, heap alloc:on, heap free:off
[    0.092492] Memory: 3220344K/4193716K available (16393K kernel code, 3500K rwdata, 5480K rodata, 2852K init, 5788K bss, 973112K reserved, 0K cma-reserved)
[    0.092503] random: get_random_u64 called from __kmem_cache_create+0x3c/0x460 with crng_init=0
[    0.093659] SLUB: HWalign=64, Order=0-3, MinObjects=0, CPUs=128, Nodes=1
[    0.093780] Kernel/User page tables isolation: enabled
[    0.094367] ftrace: allocating 48442 entries in 190 pages
[    0.116479] ftrace: allocated 190 pages with 6 groups
[    0.118972] rcu: Hierarchical RCU implementation.
[    0.118975] rcu: 	RCU restricting CPUs from NR_CPUS=8192 to nr_cpu_ids=128.
[    0.118978] 	Rude variant of Tasks RCU enabled.
[    0.118978] 	Tracing variant of Tasks RCU enabled.
[    0.118979] rcu: RCU calculated value of scheduler-enlistment delay is 25 jiffies.
[    0.118980] rcu: Adjusting geometry for rcu_fanout_leaf=16, nr_cpu_ids=128
[    0.126216] NR_IRQS: 524544, nr_irqs: 1448, preallocated irqs: 16
[    0.126924] random: crng done (trusting CPU's manufacturer)
[    0.129081] Console: colour VGA+ 80x25
[    0.129118] printk: console [tty0] enabled
[    0.129269] ACPI: Core revision 20210331
[    0.130283] clocksource: hpet: mask: 0xffffffff max_cycles: 0xffffffff, max_idle_ns: 133484882848 ns
[    0.130383] APIC: Switch to symmetric I/O mode setup
[    0.130388] DMAR: Host address width 45
[    0.130390] DMAR: DRHD base: 0x000000fec10000 flags: 0x1
[    0.130412] DMAR: dmar0: reg_base_addr fec10000 ver 1:0 cap ff0080f02c0462 ecap f0f15f
[    0.130419] DMAR: ATSR flags: 0x1
[    0.130421] DMAR-IR: IOAPIC id 128 under DRHD base  0xfec10000 IOMMU 0
[    0.130423] DMAR-IR: Queued invalidation will be enabled to support x2apic and Intr-remapping.
[    0.140056] DMAR-IR: Enabled IRQ remapping in x2apic mode
[    0.140316] x2apic enabled
[    0.140329] System requires x2apic physical mode
[    0.140330] Switched APIC routing to physical x2apic.
[    0.141831] ..TIMER: vector=0x30 apic1=0 pin1=2 apic2=-1 pin2=-1
[    0.141896] clocksource: tsc-early: mask: 0xffffffffffffffff max_cycles: 0x2574b056c7d, max_idle_ns: 440795323755 ns
[    0.141905] Calibrating delay loop (skipped) preset value.. 5196.99 BogoMIPS (lpj=10393988)
[    0.141908] pid_max: default: 131072 minimum: 1024
[    0.142014] LSM: Security Framework initializing
[    0.142031] Yama: becoming mindful.
[    0.145908] AppArmor: AppArmor initialized
[    0.146372] Mount-cache hash table entries: 8192 (order: 4, 65536 bytes, linear)
[    0.146756] Mountpoint-cache hash table entries: 8192 (order: 4, 65536 bytes, linear)
[    0.147999] Disabled fast string operations
[    0.148113] Last level iTLB entries: 4KB 1024, 2MB 1024, 4MB 1024
[    0.148116] Last level dTLB entries: 4KB 1024, 2MB 1024, 4MB 1024, 1GB 4
[    0.148120] Spectre V1 : Mitigation: usercopy/swapgs barriers and __user pointer sanitization
[    0.148122] Spectre V2 : Mitigation: Full generic retpoline
[    0.148123] Spectre V2 : Spectre v2 / SpectreRSB mitigation: Filling RSB on context switch
[    0.148124] Spectre V2 : Enabling Restricted Speculation for firmware calls
[    0.148125] Spectre V2 : mitigation: Enabling conditional Indirect Branch Prediction Barrier
[    0.148127] Speculative Store Bypass: Mitigation: Speculative Store Bypass disabled via prctl and seccomp
[    0.148130] SRBDS: Unknown: Dependent on hypervisor status
[    0.148131] MDS: Vulnerable: Clear CPU buffers attempted, no microcode
[    0.152818] Freeing SMP alternatives memory: 40K
[    0.174015] smpboot: CPU0: Intel(R) Core(TM) i7-4720HQ CPU @ 2.60GHz (family: 0x6, model: 0x3c, stepping: 0x3)
[    0.175346] Performance Events: Haswell events, Broken BIOS detected, complain to your hardware vendor.
[    0.175381] [Firmware Bug]: the BIOS has corrupted hw-PMU resources (MSR 38d is 3)
[    0.175678] Intel PMU driver.
[    0.175682] ... version:                3
[    0.175683] ... bit width:              48
[    0.175685] ... generic registers:      4
[    0.175686] ... value mask:             0000ffffffffffff
[    0.175687] ... max period:             000000007fffffff
[    0.175688] ... fixed-purpose events:   3
[    0.175690] ... event mask:             000000070000000f
[    0.176044] rcu: Hierarchical SRCU implementation.
[    0.176602] NMI watchdog: Enabled. Permanently consumes one hw-PMU counter.
[    0.178131] smp: Bringing up secondary CPUs ...
[    0.178379] x86: Booting SMP configuration:
[    0.178381] .... node  #0, CPUs:          #1
[    0.011033] Disabled fast string operations
[    0.179545]    #2
[    0.011033] Disabled fast string operations
[    0.179545]    #3
[    0.011033] Disabled fast string operations
[    0.182859]    #4
[    0.011033] Disabled fast string operations
[    0.011033] smpboot: CPU 4 Converting physical 0 to logical die 1
[    0.183266]    #5
[    0.011033] Disabled fast string operations
[    0.186142]    #6
[    0.011033] Disabled fast string operations
[    0.187227]    #7
[    0.011033] Disabled fast string operations
[    0.189918] smp: Brought up 1 node, 8 CPUs
[    0.189926] smpboot: Max logical packages: 32
[    0.189931] smpboot: Total of 8 processors activated (41575.95 BogoMIPS)
[    0.206005] devtmpfs: initialized
[    0.206005] x86/mm: Memory block size: 128MB
[    0.206411] PM: Registering ACPI NVS region [mem 0xbfeff000-0xbfefffff] (4096 bytes)
[    0.206411] clocksource: jiffies: mask: 0xffffffff max_cycles: 0xffffffff, max_idle_ns: 7645041785100000 ns
[    0.206765] futex hash table entries: 32768 (order: 9, 2097152 bytes, linear)
[    0.207169] pinctrl core: initialized pinctrl subsystem
[    0.207440] PM: RTC time: 04:58:56, date: 2021-05-14
[    0.208123] NET: Registered protocol family 16
[    0.208389] DMA: preallocated 512 KiB GFP_KERNEL pool for atomic allocations
[    0.208561] DMA: preallocated 512 KiB GFP_KERNEL|GFP_DMA pool for atomic allocations
[    0.208644] DMA: preallocated 512 KiB GFP_KERNEL|GFP_DMA32 pool for atomic allocations
[    0.208654] audit: initializing netlink subsys (disabled)
[    0.209917] audit: type=2000 audit(1620968336.076:1): state=initialized audit_enabled=0 res=1
[    0.210068] thermal_sys: Registered thermal governor 'fair_share'
[    0.210071] thermal_sys: Registered thermal governor 'bang_bang'
[    0.210071] thermal_sys: Registered thermal governor 'step_wise'
[    0.210072] thermal_sys: Registered thermal governor 'user_space'
[    0.210073] thermal_sys: Registered thermal governor 'power_allocator'
[    0.210081] EISA bus registered
[    0.210137] cpuidle: using governor ladder
[    0.210137] cpuidle: using governor menu
[    0.210137] Simple Boot Flag at 0x36 set to 0x80
[    0.210137] ACPI: bus type PCI registered
[    0.210137] acpiphp: ACPI Hot Plug PCI Controller Driver version: 0.5
[    0.210228] PCI: MMCONFIG for domain 0000 [bus 00-7f] at [mem 0xf0000000-0xf7ffffff] (base 0xf0000000)
[    0.210234] PCI: MMCONFIG at [mem 0xf0000000-0xf7ffffff] reserved in E820
[    0.210479] PCI: Using configuration type 1 for base access
[    0.211126] core: PMU erratum BJ122, BV98, HSD29 workaround disabled, HT off
[    0.212692] Kprobes globally optimized
[    0.213953] HugeTLB registered 1.00 GiB page size, pre-allocated 0 pages
[    0.213956] HugeTLB registered 2.00 MiB page size, pre-allocated 0 pages
[    0.222114] ACPI: Added _OSI(Module Device)
[    0.222116] ACPI: Added _OSI(Processor Device)
[    0.222117] ACPI: Added _OSI(3.0 _SCP Extensions)
[    0.222118] ACPI: Added _OSI(Processor Aggregator Device)
[    0.222120] ACPI: Added _OSI(Linux-Dell-Video)
[    0.222120] ACPI: Added _OSI(Linux-Lenovo-NV-HDMI-Audio)
[    0.222121] ACPI: Added _OSI(Linux-HPI-Hybrid-Graphics)
[    0.249541] ACPI: 1 ACPI AML tables successfully acquired and loaded
[    0.251453] ACPI: [Firmware Bug]: BIOS _OSI(Linux) query ignored
[    0.278079] ACPI: Interpreter enabled
[    0.278096] ACPI: (supports S0 S1 S4 S5)
[    0.278098] ACPI: Using IOAPIC for interrupt routing
[    0.278130] PCI: Using host bridge windows from ACPI; if necessary, use "pci=nocrs" and report a bug
[    0.280199] ACPI: Enabled 4 GPEs in block 00 to 0F
[    0.524955] ACPI: PCI Root Bridge [PCI0] (domain 0000 [bus 00-7f])
[    0.524967] acpi PNP0A03:00: _OSC: OS supports [ExtendedConfig ASPM ClockPM Segments MSI HPX-Type3]
[    0.525239] acpi PNP0A03:00: _OSC: platform does not support [AER LTR]
[    0.525518] acpi PNP0A03:00: _OSC: OS now controls [PCIeHotplug SHPCHotplug PME PCIeCapability]
[    0.528255] PCI host bridge to bus 0000:00
[    0.528259] pci_bus 0000:00: root bus resource [mem 0x000a0000-0x000bffff window]
[    0.528261] pci_bus 0000:00: root bus resource [mem 0x000d0000-0x000d3fff window]
[    0.528263] pci_bus 0000:00: root bus resource [mem 0x000d4000-0x000d7fff window]
[    0.528264] pci_bus 0000:00: root bus resource [mem 0x000d8000-0x000dbfff window]
[    0.528265] pci_bus 0000:00: root bus resource [mem 0xc0000000-0xfebfffff window]
[    0.528267] pci_bus 0000:00: root bus resource [io  0x0000-0x0cf7 window]
[    0.528268] pci_bus 0000:00: root bus resource [io  0x0d00-0xfeff window]
[    0.528269] pci_bus 0000:00: root bus resource [bus 00-7f]
[    0.528435] pci 0000:00:00.0: [8086:7190] type 00 class 0x060000
[    0.529650] pci 0000:00:01.0: [8086:7191] type 01 class 0x060400
[    0.531385] pci 0000:00:07.0: [8086:7110] type 00 class 0x060100
[    0.532544] pci 0000:00:07.1: [8086:7111] type 00 class 0x01018a
[    0.535427] pci 0000:00:07.1: reg 0x20: [io  0x1060-0x106f]
[    0.536642] pci 0000:00:07.1: legacy IDE quirk: reg 0x10: [io  0x01f0-0x01f7]
[    0.536645] pci 0000:00:07.1: legacy IDE quirk: reg 0x14: [io  0x03f6]
[    0.536647] pci 0000:00:07.1: legacy IDE quirk: reg 0x18: [io  0x0170-0x0177]
[    0.536648] pci 0000:00:07.1: legacy IDE quirk: reg 0x1c: [io  0x0376]
[    0.537102] pci 0000:00:07.3: [8086:7113] type 00 class 0x068000
[    0.540962] pci 0000:00:07.3: quirk: [io  0x1000-0x103f] claimed by PIIX4 ACPI
[    0.540981] pci 0000:00:07.3: quirk: [io  0x1040-0x104f] claimed by PIIX4 SMB
[    0.541564] pci 0000:00:07.7: [15ad:0740] type 00 class 0x088000
[    0.542468] pci 0000:00:07.7: reg 0x10: [io  0x1080-0x10bf]
[    0.543600] pci 0000:00:07.7: reg 0x14: [mem 0xfebfe000-0xfebfffff 64bit]
[    0.550103] pci 0000:00:0f.0: [15ad:0405] type 00 class 0x030000
[    0.553605] pci 0000:00:0f.0: reg 0x10: [io  0x1070-0x107f]
[    0.555548] pci 0000:00:0f.0: reg 0x14: [mem 0xe8000000-0xefffffff pref]
[    0.557909] pci 0000:00:0f.0: reg 0x18: [mem 0xfe000000-0xfe7fffff]
[    0.568826] pci 0000:00:0f.0: reg 0x30: [mem 0x00000000-0x00007fff pref]
[    0.569824] pci 0000:00:10.0: [1000:0030] type 00 class 0x010000
[    0.573012] pci 0000:00:10.0: reg 0x10: [io  0x1400-0x14ff]
[    0.574779] pci 0000:00:10.0: reg 0x14: [mem 0xfeba0000-0xfebbffff 64bit]
[    0.576535] pci 0000:00:10.0: reg 0x1c: [mem 0xfebc0000-0xfebdffff 64bit]
[    0.579608] pci 0000:00:10.0: reg 0x30: [mem 0x00000000-0x00003fff pref]
[    0.580433] pci 0000:00:11.0: [15ad:0790] type 01 class 0x060401
[    0.582244] pci 0000:00:15.0: [15ad:07a0] type 01 class 0x060400
[    0.583530] pci 0000:00:15.0: PME# supported from D0 D3hot D3cold
[    0.584131] pci 0000:00:15.1: [15ad:07a0] type 01 class 0x060400
[    0.585425] pci 0000:00:15.1: PME# supported from D0 D3hot D3cold
[    0.586017] pci 0000:00:15.2: [15ad:07a0] type 01 class 0x060400
[    0.587309] pci 0000:00:15.2: PME# supported from D0 D3hot D3cold
[    0.587928] pci 0000:00:15.3: [15ad:07a0] type 01 class 0x060400
[    0.589204] pci 0000:00:15.3: PME# supported from D0 D3hot D3cold
[    0.589802] pci 0000:00:15.4: [15ad:07a0] type 01 class 0x060400
[    0.591094] pci 0000:00:15.4: PME# supported from D0 D3hot D3cold
[    0.591730] pci 0000:00:15.5: [15ad:07a0] type 01 class 0x060400
[    0.592998] pci 0000:00:15.5: PME# supported from D0 D3hot D3cold
[    0.593640] pci 0000:00:15.6: [15ad:07a0] type 01 class 0x060400
[    0.594912] pci 0000:00:15.6: PME# supported from D0 D3hot D3cold
[    0.595533] pci 0000:00:15.7: [15ad:07a0] type 01 class 0x060400
[    0.596801] pci 0000:00:15.7: PME# supported from D0 D3hot D3cold
[    0.597553] pci 0000:00:16.0: [15ad:07a0] type 01 class 0x060400
[    0.598822] pci 0000:00:16.0: PME# supported from D0 D3hot D3cold
[    0.599423] pci 0000:00:16.1: [15ad:07a0] type 01 class 0x060400
[    0.600726] pci 0000:00:16.1: PME# supported from D0 D3hot D3cold
[    0.601348] pci 0000:00:16.2: [15ad:07a0] type 01 class 0x060400
[    0.602605] pci 0000:00:16.2: PME# supported from D0 D3hot D3cold
[    0.603211] pci 0000:00:16.3: [15ad:07a0] type 01 class 0x060400
[    0.604497] pci 0000:00:16.3: PME# supported from D0 D3hot D3cold
[    0.605099] pci 0000:00:16.4: [15ad:07a0] type 01 class 0x060400
[    0.606403] pci 0000:00:16.4: PME# supported from D0 D3hot D3cold
[    0.607000] pci 0000:00:16.5: [15ad:07a0] type 01 class 0x060400
[    0.608289] pci 0000:00:16.5: PME# supported from D0 D3hot D3cold
[    0.608894] pci 0000:00:16.6: [15ad:07a0] type 01 class 0x060400
[    0.610188] pci 0000:00:16.6: PME# supported from D0 D3hot D3cold
[    0.610784] pci 0000:00:16.7: [15ad:07a0] type 01 class 0x060400
[    0.612060] pci 0000:00:16.7: PME# supported from D0 D3hot D3cold
[    0.612796] pci 0000:00:17.0: [15ad:07a0] type 01 class 0x060400
[    0.614061] pci 0000:00:17.0: PME# supported from D0 D3hot D3cold
[    0.614674] pci 0000:00:17.1: [15ad:07a0] type 01 class 0x060400
[    0.615969] pci 0000:00:17.1: PME# supported from D0 D3hot D3cold
[    0.616579] pci 0000:00:17.2: [15ad:07a0] type 01 class 0x060400
[    0.617860] pci 0000:00:17.2: PME# supported from D0 D3hot D3cold
[    0.618463] pci 0000:00:17.3: [15ad:07a0] type 01 class 0x060400
[    0.619745] pci 0000:00:17.3: PME# supported from D0 D3hot D3cold
[    0.620381] pci 0000:00:17.4: [15ad:07a0] type 01 class 0x060400
[    0.621646] pci 0000:00:17.4: PME# supported from D0 D3hot D3cold
[    0.622242] pci 0000:00:17.5: [15ad:07a0] type 01 class 0x060400
[    0.623506] pci 0000:00:17.5: PME# supported from D0 D3hot D3cold
[    0.624095] pci 0000:00:17.6: [15ad:07a0] type 01 class 0x060400
[    0.625382] pci 0000:00:17.6: PME# supported from D0 D3hot D3cold
[    0.625960] pci 0000:00:17.7: [15ad:07a0] type 01 class 0x060400
[    0.627258] pci 0000:00:17.7: PME# supported from D0 D3hot D3cold
[    0.627990] pci 0000:00:18.0: [15ad:07a0] type 01 class 0x060400
[    0.629305] pci 0000:00:18.0: PME# supported from D0 D3hot D3cold
[    0.629905] pci 0000:00:18.1: [15ad:07a0] type 01 class 0x060400
[    0.631213] pci 0000:00:18.1: PME# supported from D0 D3hot D3cold
[    0.631811] pci 0000:00:18.2: [15ad:07a0] type 01 class 0x060400
[    0.633083] pci 0000:00:18.2: PME# supported from D0 D3hot D3cold
[    0.633683] pci 0000:00:18.3: [15ad:07a0] type 01 class 0x060400
[    0.634979] pci 0000:00:18.3: PME# supported from D0 D3hot D3cold
[    0.635589] pci 0000:00:18.4: [15ad:07a0] type 01 class 0x060400
[    0.636852] pci 0000:00:18.4: PME# supported from D0 D3hot D3cold
[    0.637463] pci 0000:00:18.5: [15ad:07a0] type 01 class 0x060400
[    0.638765] pci 0000:00:18.5: PME# supported from D0 D3hot D3cold
[    0.639408] pci 0000:00:18.6: [15ad:07a0] type 01 class 0x060400
[    0.640684] pci 0000:00:18.6: PME# supported from D0 D3hot D3cold
[    0.641292] pci 0000:00:18.7: [15ad:07a0] type 01 class 0x060400
[    0.642550] pci 0000:00:18.7: PME# supported from D0 D3hot D3cold
[    0.644555] pci_bus 0000:01: extended config space not accessible
[    0.650287] pci 0000:00:01.0: PCI bridge to [bus 01]
[    0.650606] pci_bus 0000:02: extended config space not accessible
[    0.650858] acpiphp: Slot [32] registered
[    0.650892] acpiphp: Slot [33] registered
[    0.650920] acpiphp: Slot [34] registered
[    0.650947] acpiphp: Slot [35] registered
[    0.650972] acpiphp: Slot [36] registered
[    0.650997] acpiphp: Slot [37] registered
[    0.651023] acpiphp: Slot [38] registered
[    0.651052] acpiphp: Slot [39] registered
[    0.651078] acpiphp: Slot [40] registered
[    0.651103] acpiphp: Slot [41] registered
[    0.651128] acpiphp: Slot [42] registered
[    0.651153] acpiphp: Slot [43] registered
[    0.651179] acpiphp: Slot [44] registered
[    0.651204] acpiphp: Slot [45] registered
[    0.651233] acpiphp: Slot [46] registered
[    0.651259] acpiphp: Slot [47] registered
[    0.651284] acpiphp: Slot [48] registered
[    0.651309] acpiphp: Slot [49] registered
[    0.651334] acpiphp: Slot [50] registered
[    0.651360] acpiphp: Slot [51] registered
[    0.651389] acpiphp: Slot [52] registered
[    0.651415] acpiphp: Slot [53] registered
[    0.651440] acpiphp: Slot [54] registered
[    0.651465] acpiphp: Slot [55] registered
[    0.651491] acpiphp: Slot [56] registered
[    0.651516] acpiphp: Slot [57] registered
[    0.651545] acpiphp: Slot [58] registered
[    0.651571] acpiphp: Slot [59] registered
[    0.651596] acpiphp: Slot [60] registered
[    0.651622] acpiphp: Slot [61] registered
[    0.651647] acpiphp: Slot [62] registered
[    0.651672] acpiphp: Slot [63] registered
[    0.651776] pci 0000:02:00.0: [15ad:0774] type 00 class 0x0c0300
[    0.654776] pci 0000:02:00.0: reg 0x20: [io  0x2080-0x209f]
[    0.656792] pci 0000:02:01.0: [8086:100f] type 00 class 0x020000
[    0.657907] pci 0000:02:01.0: reg 0x10: [mem 0xfd5c0000-0xfd5dffff 64bit]
[    0.659669] pci 0000:02:01.0: reg 0x18: [mem 0xfdff0000-0xfdffffff 64bit]
[    0.661387] pci 0000:02:01.0: reg 0x20: [io  0x2000-0x203f]
[    0.664527] pci 0000:02:01.0: reg 0x30: [mem 0x00000000-0x0000ffff pref]
[    0.664989] pci 0000:02:01.0: PME# supported from D0 D3hot D3cold
[    0.665560] pci 0000:02:02.0: [1274:1371] type 00 class 0x040100
[    0.666200] pci 0000:02:02.0: reg 0x10: [io  0x2040-0x207f]
[    0.670677] pci 0000:02:03.0: [15ad:0770] type 00 class 0x0c0320
[    0.671615] pci 0000:02:03.0: reg 0x10: [mem 0xfd5ef000-0xfd5effff]
[    0.677393] pci 0000:02:05.0: [15ad:07e0] type 00 class 0x010601
[    0.684339] pci 0000:02:05.0: reg 0x24: [mem 0xfd5ee000-0xfd5eefff]
[    0.685117] pci 0000:02:05.0: reg 0x30: [mem 0x00000000-0x0000ffff pref]
[    0.685679] pci 0000:02:05.0: PME# supported from D3hot
[    0.690197] pci 0000:00:11.0: PCI bridge to [bus 02] (subtractive decode)
[    0.690230] pci 0000:00:11.0:   bridge window [io  0x2000-0x3fff]
[    0.690260] pci 0000:00:11.0:   bridge window [mem 0xfd500000-0xfdffffff]
[    0.690317] pci 0000:00:11.0:   bridge window [mem 0xe7b00000-0xe7ffffff 64bit pref]
[    0.690320] pci 0000:00:11.0:   bridge window [mem 0x000a0000-0x000bffff window] (subtractive decode)
[    0.690321] pci 0000:00:11.0:   bridge window [mem 0x000d0000-0x000d3fff window] (subtractive decode)
[    0.690323] pci 0000:00:11.0:   bridge window [mem 0x000d4000-0x000d7fff window] (subtractive decode)
[    0.690324] pci 0000:00:11.0:   bridge window [mem 0x000d8000-0x000dbfff window] (subtractive decode)
[    0.690325] pci 0000:00:11.0:   bridge window [mem 0xc0000000-0xfebfffff window] (subtractive decode)
[    0.690327] pci 0000:00:11.0:   bridge window [io  0x0000-0x0cf7 window] (subtractive decode)
[    0.690328] pci 0000:00:11.0:   bridge window [io  0x0d00-0xfeff window] (subtractive decode)
[    0.694498] pci 0000:00:15.0: PCI bridge to [bus 03]
[    0.694533] pci 0000:00:15.0:   bridge window [io  0x4000-0x4fff]
[    0.694562] pci 0000:00:15.0:   bridge window [mem 0xfd400000-0xfd4fffff]
[    0.694618] pci 0000:00:15.0:   bridge window [mem 0xe7a00000-0xe7afffff 64bit pref]
[    0.698672] pci 0000:00:15.1: PCI bridge to [bus 04]
[    0.698707] pci 0000:00:15.1:   bridge window [io  0x8000-0x8fff]
[    0.698737] pci 0000:00:15.1:   bridge window [mem 0xfd000000-0xfd0fffff]
[    0.698793] pci 0000:00:15.1:   bridge window [mem 0xe7600000-0xe76fffff 64bit pref]
[    0.702789] pci 0000:00:15.2: PCI bridge to [bus 05]
[    0.702830] pci 0000:00:15.2:   bridge window [io  0xc000-0xcfff]
[    0.702874] pci 0000:00:15.2:   bridge window [mem 0xfcc00000-0xfccfffff]
[    0.702946] pci 0000:00:15.2:   bridge window [mem 0xe7200000-0xe72fffff 64bit pref]
[    0.707074] pci 0000:00:15.3: PCI bridge to [bus 06]
[    0.707140] pci 0000:00:15.3:   bridge window [mem 0xfc800000-0xfc8fffff]
[    0.707199] pci 0000:00:15.3:   bridge window [mem 0xe6e00000-0xe6efffff 64bit pref]
[    0.711482] pci 0000:00:15.4: PCI bridge to [bus 07]
[    0.711550] pci 0000:00:15.4:   bridge window [mem 0xfc400000-0xfc4fffff]
[    0.711608] pci 0000:00:15.4:   bridge window [mem 0xe6a00000-0xe6afffff 64bit pref]
[    0.715645] pci 0000:00:15.5: PCI bridge to [bus 08]
[    0.715708] pci 0000:00:15.5:   bridge window [mem 0xfc000000-0xfc0fffff]
[    0.715765] pci 0000:00:15.5:   bridge window [mem 0xe6600000-0xe66fffff 64bit pref]
[    0.719728] pci 0000:00:15.6: PCI bridge to [bus 09]
[    0.719790] pci 0000:00:15.6:   bridge window [mem 0xfbc00000-0xfbcfffff]
[    0.719847] pci 0000:00:15.6:   bridge window [mem 0xe6200000-0xe62fffff 64bit pref]
[    0.723859] pci 0000:00:15.7: PCI bridge to [bus 0a]
[    0.723925] pci 0000:00:15.7:   bridge window [mem 0xfb800000-0xfb8fffff]
[    0.723981] pci 0000:00:15.7:   bridge window [mem 0xe5e00000-0xe5efffff 64bit pref]
[    0.728951] pci 0000:00:16.0: PCI bridge to [bus 0b]
[    0.728986] pci 0000:00:16.0:   bridge window [io  0x5000-0x5fff]
[    0.729015] pci 0000:00:16.0:   bridge window [mem 0xfd300000-0xfd3fffff]
[    0.729072] pci 0000:00:16.0:   bridge window [mem 0xe7900000-0xe79fffff 64bit pref]
[    0.733901] pci 0000:00:16.1: PCI bridge to [bus 0c]
[    0.733921] pci 0000:00:16.1:   bridge window [io  0x9000-0x9fff]
[    0.733953] pci 0000:00:16.1:   bridge window [mem 0xfcf00000-0xfcffffff]
[    0.734010] pci 0000:00:16.1:   bridge window [mem 0xe7500000-0xe75fffff 64bit pref]
[    0.739196] pci 0000:00:16.2: PCI bridge to [bus 0d]
[    0.739245] pci 0000:00:16.2:   bridge window [io  0xd000-0xdfff]
[    0.739286] pci 0000:00:16.2:   bridge window [mem 0xfcb00000-0xfcbfffff]
[    0.739360] pci 0000:00:16.2:   bridge window [mem 0xe7100000-0xe71fffff 64bit pref]
[    0.743577] pci 0000:00:16.3: PCI bridge to [bus 0e]
[    0.743654] pci 0000:00:16.3:   bridge window [mem 0xfc700000-0xfc7fffff]
[    0.743712] pci 0000:00:16.3:   bridge window [mem 0xe6d00000-0xe6dfffff 64bit pref]
[    0.747833] pci 0000:00:16.4: PCI bridge to [bus 0f]
[    0.747973] pci 0000:00:16.4:   bridge window [mem 0xfc300000-0xfc3fffff]
[    0.748051] pci 0000:00:16.4:   bridge window [mem 0xe6900000-0xe69fffff 64bit pref]
[    0.752243] pci 0000:00:16.5: PCI bridge to [bus 10]
[    0.752316] pci 0000:00:16.5:   bridge window [mem 0xfbf00000-0xfbffffff]
[    0.752373] pci 0000:00:16.5:   bridge window [mem 0xe6500000-0xe65fffff 64bit pref]
[    0.756476] pci 0000:00:16.6: PCI bridge to [bus 11]
[    0.756540] pci 0000:00:16.6:   bridge window [mem 0xfbb00000-0xfbbfffff]
[    0.756597] pci 0000:00:16.6:   bridge window [mem 0xe6100000-0xe61fffff 64bit pref]
[    0.760619] pci 0000:00:16.7: PCI bridge to [bus 12]
[    0.760682] pci 0000:00:16.7:   bridge window [mem 0xfb700000-0xfb7fffff]
[    0.760739] pci 0000:00:16.7:   bridge window [mem 0xe5d00000-0xe5dfffff 64bit pref]
[    0.764748] pci 0000:00:17.0: PCI bridge to [bus 13]
[    0.764783] pci 0000:00:17.0:   bridge window [io  0x6000-0x6fff]
[    0.764822] pci 0000:00:17.0:   bridge window [mem 0xfd200000-0xfd2fffff]
[    0.764914] pci 0000:00:17.0:   bridge window [mem 0xe7800000-0xe78fffff 64bit pref]
[    0.768937] pci 0000:00:17.1: PCI bridge to [bus 14]
[    0.768979] pci 0000:00:17.1:   bridge window [io  0xa000-0xafff]
[    0.769016] pci 0000:00:17.1:   bridge window [mem 0xfce00000-0xfcefffff]
[    0.769085] pci 0000:00:17.1:   bridge window [mem 0xe7400000-0xe74fffff 64bit pref]
[    0.773901] pci 0000:00:17.2: PCI bridge to [bus 15]
[    0.773919] pci 0000:00:17.2:   bridge window [io  0xe000-0xefff]
[    0.773950] pci 0000:00:17.2:   bridge window [mem 0xfca00000-0xfcafffff]
[    0.774006] pci 0000:00:17.2:   bridge window [mem 0xe7000000-0xe70fffff 64bit pref]
[    0.778844] pci 0000:00:17.3: PCI bridge to [bus 16]
[    0.778907] pci 0000:00:17.3:   bridge window [mem 0xfc600000-0xfc6fffff]
[    0.778964] pci 0000:00:17.3:   bridge window [mem 0xe6c00000-0xe6cfffff 64bit pref]
[    0.783964] pci 0000:00:17.4: PCI bridge to [bus 17]
[    0.784025] pci 0000:00:17.4:   bridge window [mem 0xfc200000-0xfc2fffff]
[    0.784081] pci 0000:00:17.4:   bridge window [mem 0xe6800000-0xe68fffff 64bit pref]
[    0.788148] pci 0000:00:17.5: PCI bridge to [bus 18]
[    0.788210] pci 0000:00:17.5:   bridge window [mem 0xfbe00000-0xfbefffff]
[    0.788266] pci 0000:00:17.5:   bridge window [mem 0xe6400000-0xe64fffff 64bit pref]
[    0.792247] pci 0000:00:17.6: PCI bridge to [bus 19]
[    0.792305] pci 0000:00:17.6:   bridge window [mem 0xfba00000-0xfbafffff]
[    0.792361] pci 0000:00:17.6:   bridge window [mem 0xe6000000-0xe60fffff 64bit pref]
[    0.796313] pci 0000:00:17.7: PCI bridge to [bus 1a]
[    0.796374] pci 0000:00:17.7:   bridge window [mem 0xfb600000-0xfb6fffff]
[    0.796430] pci 0000:00:17.7:   bridge window [mem 0xe5c00000-0xe5cfffff 64bit pref]
[    0.800383] pci 0000:00:18.0: PCI bridge to [bus 1b]
[    0.800415] pci 0000:00:18.0:   bridge window [io  0x7000-0x7fff]
[    0.800445] pci 0000:00:18.0:   bridge window [mem 0xfd100000-0xfd1fffff]
[    0.800500] pci 0000:00:18.0:   bridge window [mem 0xe7700000-0xe77fffff 64bit pref]
[    0.804477] pci 0000:00:18.1: PCI bridge to [bus 1c]
[    0.804512] pci 0000:00:18.1:   bridge window [io  0xb000-0xbfff]
[    0.804541] pci 0000:00:18.1:   bridge window [mem 0xfcd00000-0xfcdfffff]
[    0.804597] pci 0000:00:18.1:   bridge window [mem 0xe7300000-0xe73fffff 64bit pref]
[    0.809567] pci 0000:00:18.2: PCI bridge to [bus 1d]
[    0.809629] pci 0000:00:18.2:   bridge window [mem 0xfc900000-0xfc9fffff]
[    0.809685] pci 0000:00:18.2:   bridge window [mem 0xe6f00000-0xe6ffffff 64bit pref]
[    0.813901] pci 0000:00:18.3: PCI bridge to [bus 1e]
[    0.813945] pci 0000:00:18.3:   bridge window [mem 0xfc500000-0xfc5fffff]
[    0.814001] pci 0000:00:18.3:   bridge window [mem 0xe6b00000-0xe6bfffff 64bit pref]
[    0.818804] pci 0000:00:18.4: PCI bridge to [bus 1f]
[    0.818865] pci 0000:00:18.4:   bridge window [mem 0xfc100000-0xfc1fffff]
[    0.818952] pci 0000:00:18.4:   bridge window [mem 0xe6700000-0xe67fffff 64bit pref]
[    0.823613] pci 0000:00:18.5: PCI bridge to [bus 20]
[    0.823674] pci 0000:00:18.5:   bridge window [mem 0xfbd00000-0xfbdfffff]
[    0.823730] pci 0000:00:18.5:   bridge window [mem 0xe6300000-0xe63fffff 64bit pref]
[    0.828104] pci 0000:00:18.6: PCI bridge to [bus 21]
[    0.828166] pci 0000:00:18.6:   bridge window [mem 0xfb900000-0xfb9fffff]
[    0.828222] pci 0000:00:18.6:   bridge window [mem 0xe5f00000-0xe5ffffff 64bit pref]
[    0.832249] pci 0000:00:18.7: PCI bridge to [bus 22]
[    0.832310] pci 0000:00:18.7:   bridge window [mem 0xfb500000-0xfb5fffff]
[    0.832366] pci 0000:00:18.7:   bridge window [mem 0xe5b00000-0xe5bfffff 64bit pref]
[    0.836228] ACPI: PCI: Interrupt link LNKA configured for IRQ 9
[    0.836348] ACPI: PCI: Interrupt link LNKB configured for IRQ 11
[    0.836463] ACPI: PCI: Interrupt link LNKC configured for IRQ 10
[    0.836577] ACPI: PCI: Interrupt link LNKD configured for IRQ 7
[    0.888896] iommu: Default domain type: Translated 
[    0.888896] pci 0000:00:0f.0: vgaarb: setting as boot VGA device
[    0.888896] pci 0000:00:0f.0: vgaarb: VGA device added: decodes=io+mem,owns=io+mem,locks=none
[    0.888896] pci 0000:00:0f.0: vgaarb: bridge control possible
[    0.888896] vgaarb: loaded
[    0.888896] SCSI subsystem initialized
[    0.888896] libata version 3.00 loaded.
[    0.888896] ACPI: bus type USB registered
[    0.888896] usbcore: registered new interface driver usbfs
[    0.888896] usbcore: registered new interface driver hub
[    0.888896] usbcore: registered new device driver usb
[    0.888896] pps_core: LinuxPPS API ver. 1 registered
[    0.888896] pps_core: Software ver. 5.3.6 - Copyright 2005-2007 Rodolfo Giometti <giometti@linux.it>
[    0.888896] PTP clock support registered
[    0.890174] EDAC MC: Ver: 3.0.0
[    0.892043] NetLabel: Initializing
[    0.892043] NetLabel:  domain hash size = 128
[    0.892043] NetLabel:  protocols = UNLABELED CIPSOv4 CALIPSO
[    0.892043] NetLabel:  unlabeled traffic allowed by default
[    0.892043] PCI: Using ACPI for IRQ routing
[    0.913090] PCI: pci_cache_line_size set to 64 bytes
[    0.914581] e820: reserve RAM buffer [mem 0x0009e800-0x0009ffff]
[    0.914586] e820: reserve RAM buffer [mem 0xbfed0000-0xbfffffff]
[    0.914687] hpet0: at MMIO 0xfed00000, IRQs 2, 8, 0, 0, 0, 0, 0, 0, 0, 0, 0, 0, 0, 0, 0, 0
[    0.914699] hpet0: 16 comparators, 64-bit 14.318180 MHz counter
[    0.918052] clocksource: Switched to clocksource tsc-early
[    0.939680] VFS: Disk quotas dquot_6.6.0
[    0.939732] VFS: Dquot-cache hash table entries: 512 (order 0, 4096 bytes)
[    0.940031] AppArmor: AppArmor Filesystem Enabled
[    0.940064] pnp: PnP ACPI init
[    0.940315] system 00:00: [io  0x1000-0x103f] has been reserved
[    0.940319] system 00:00: [io  0x1040-0x104f] has been reserved
[    0.940322] system 00:00: [io  0x0cf0-0x0cf1] has been reserved
[    0.940330] system 00:00: Plug and Play ACPI device, IDs PNP0c02 (active)
[    0.940359] pnp 00:01: Plug and Play ACPI device, IDs PNP0b00 (active)
[    0.940382] pnp 00:02: Plug and Play ACPI device, IDs PNP0303 (active)
[    0.940400] pnp 00:03: Plug and Play ACPI device, IDs VMW0003 PNP0f13 (active)
[    0.940675] system 00:04: [mem 0xfed00000-0xfed003ff] has been reserved
[    0.940682] system 00:04: Plug and Play ACPI device, IDs PNP0103 PNP0c01 (active)
[    0.942983] pnp 00:05: Plug and Play ACPI device, IDs PNP0501 (active)
[    0.943544] system 00:06: [io  0xfce0-0xfcff] has been reserved
[    0.943548] system 00:06: [mem 0xf0000000-0xf7ffffff] has been reserved
[    0.943550] system 00:06: [mem 0xfe800000-0xfe9fffff] has been reserved
[    0.943556] system 00:06: Plug and Play ACPI device, IDs PNP0c02 (active)
[    0.943773] system 00:07: [mem 0xfec10000-0xfec10fff] could not be reserved
[    0.943779] system 00:07: Plug and Play ACPI device, IDs PNP0c02 (active)
[    0.984821] pnp: PnP ACPI: found 8 devices
[    1.000135] clocksource: acpi_pm: mask: 0xffffff max_cycles: 0xffffff, max_idle_ns: 2085701024 ns
[    1.000502] NET: Registered protocol family 2
[    1.003580] IP idents hash table entries: 65536 (order: 7, 524288 bytes, linear)
[    1.021624] tcp_listen_portaddr_hash hash table entries: 2048 (order: 3, 32768 bytes, linear)
[    1.021803] TCP established hash table entries: 32768 (order: 6, 262144 bytes, linear)
[    1.022160] TCP bind hash table entries: 32768 (order: 7, 524288 bytes, linear)
[    1.022204] TCP: Hash tables configured (established 32768 bind 32768)
[    1.022535] MPTCP token hash table entries: 4096 (order: 4, 98304 bytes, linear)
[    1.022588] UDP hash table entries: 2048 (order: 4, 65536 bytes, linear)
[    1.022619] UDP-Lite hash table entries: 2048 (order: 4, 65536 bytes, linear)
[    1.022918] NET: Registered protocol family 1
[    1.022923] NET: Registered protocol family 44
[    1.022945] pci 0000:00:15.3: bridge window [io  0x1000-0x0fff] to [bus 06] add_size 1000
[    1.022951] pci 0000:00:15.4: bridge window [io  0x1000-0x0fff] to [bus 07] add_size 1000
[    1.022952] pci 0000:00:15.5: bridge window [io  0x1000-0x0fff] to [bus 08] add_size 1000
[    1.022954] pci 0000:00:15.6: bridge window [io  0x1000-0x0fff] to [bus 09] add_size 1000
[    1.022956] pci 0000:00:15.7: bridge window [io  0x1000-0x0fff] to [bus 0a] add_size 1000
[    1.022958] pci 0000:00:16.3: bridge window [io  0x1000-0x0fff] to [bus 0e] add_size 1000
[    1.022960] pci 0000:00:16.4: bridge window [io  0x1000-0x0fff] to [bus 0f] add_size 1000
[    1.022962] pci 0000:00:16.5: bridge window [io  0x1000-0x0fff] to [bus 10] add_size 1000
[    1.022964] pci 0000:00:16.6: bridge window [io  0x1000-0x0fff] to [bus 11] add_size 1000
[    1.022965] pci 0000:00:16.7: bridge window [io  0x1000-0x0fff] to [bus 12] add_size 1000
[    1.022968] pci 0000:00:17.3: bridge window [io  0x1000-0x0fff] to [bus 16] add_size 1000
[    1.022969] pci 0000:00:17.4: bridge window [io  0x1000-0x0fff] to [bus 17] add_size 1000
[    1.022971] pci 0000:00:17.5: bridge window [io  0x1000-0x0fff] to [bus 18] add_size 1000
[    1.022973] pci 0000:00:17.6: bridge window [io  0x1000-0x0fff] to [bus 19] add_size 1000
[    1.022975] pci 0000:00:17.7: bridge window [io  0x1000-0x0fff] to [bus 1a] add_size 1000
[    1.022977] pci 0000:00:18.2: bridge window [io  0x1000-0x0fff] to [bus 1d] add_size 1000
[    1.022979] pci 0000:00:18.3: bridge window [io  0x1000-0x0fff] to [bus 1e] add_size 1000
[    1.022981] pci 0000:00:18.4: bridge window [io  0x1000-0x0fff] to [bus 1f] add_size 1000
[    1.022982] pci 0000:00:18.5: bridge window [io  0x1000-0x0fff] to [bus 20] add_size 1000
[    1.022984] pci 0000:00:18.6: bridge window [io  0x1000-0x0fff] to [bus 21] add_size 1000
[    1.022986] pci 0000:00:18.7: bridge window [io  0x1000-0x0fff] to [bus 22] add_size 1000
[    1.023002] pci 0000:00:0f.0: BAR 6: assigned [mem 0xc0000000-0xc0007fff pref]
[    1.023006] pci 0000:00:10.0: BAR 6: assigned [mem 0xc0008000-0xc000bfff pref]
[    1.023009] pci 0000:00:15.3: BAR 13: no space for [io  size 0x1000]
[    1.023011] pci 0000:00:15.3: BAR 13: failed to assign [io  size 0x1000]
[    1.023014] pci 0000:00:15.4: BAR 13: no space for [io  size 0x1000]
[    1.023015] pci 0000:00:15.4: BAR 13: failed to assign [io  size 0x1000]
[    1.023017] pci 0000:00:15.5: BAR 13: no space for [io  size 0x1000]
[    1.023018] pci 0000:00:15.5: BAR 13: failed to assign [io  size 0x1000]
[    1.023020] pci 0000:00:15.6: BAR 13: no space for [io  size 0x1000]
[    1.023021] pci 0000:00:15.6: BAR 13: failed to assign [io  size 0x1000]
[    1.023024] pci 0000:00:15.7: BAR 13: no space for [io  size 0x1000]
[    1.023025] pci 0000:00:15.7: BAR 13: failed to assign [io  size 0x1000]
[    1.023027] pci 0000:00:16.3: BAR 13: no space for [io  size 0x1000]
[    1.023028] pci 0000:00:16.3: BAR 13: failed to assign [io  size 0x1000]
[    1.023030] pci 0000:00:16.4: BAR 13: no space for [io  size 0x1000]
[    1.023031] pci 0000:00:16.4: BAR 13: failed to assign [io  size 0x1000]
[    1.023033] pci 0000:00:16.5: BAR 13: no space for [io  size 0x1000]
[    1.023034] pci 0000:00:16.5: BAR 13: failed to assign [io  size 0x1000]
[    1.023036] pci 0000:00:16.6: BAR 13: no space for [io  size 0x1000]
[    1.023037] pci 0000:00:16.6: BAR 13: failed to assign [io  size 0x1000]
[    1.023039] pci 0000:00:16.7: BAR 13: no space for [io  size 0x1000]
[    1.023040] pci 0000:00:16.7: BAR 13: failed to assign [io  size 0x1000]
[    1.023042] pci 0000:00:17.3: BAR 13: no space for [io  size 0x1000]
[    1.023043] pci 0000:00:17.3: BAR 13: failed to assign [io  size 0x1000]
[    1.023045] pci 0000:00:17.4: BAR 13: no space for [io  size 0x1000]
[    1.023046] pci 0000:00:17.4: BAR 13: failed to assign [io  size 0x1000]
[    1.023048] pci 0000:00:17.5: BAR 13: no space for [io  size 0x1000]
[    1.023049] pci 0000:00:17.5: BAR 13: failed to assign [io  size 0x1000]
[    1.023051] pci 0000:00:17.6: BAR 13: no space for [io  size 0x1000]
[    1.023052] pci 0000:00:17.6: BAR 13: failed to assign [io  size 0x1000]
[    1.023054] pci 0000:00:17.7: BAR 13: no space for [io  size 0x1000]
[    1.023055] pci 0000:00:17.7: BAR 13: failed to assign [io  size 0x1000]
[    1.023057] pci 0000:00:18.2: BAR 13: no space for [io  size 0x1000]
[    1.023059] pci 0000:00:18.2: BAR 13: failed to assign [io  size 0x1000]
[    1.023061] pci 0000:00:18.3: BAR 13: no space for [io  size 0x1000]
[    1.023062] pci 0000:00:18.3: BAR 13: failed to assign [io  size 0x1000]
[    1.023064] pci 0000:00:18.4: BAR 13: no space for [io  size 0x1000]
[    1.023065] pci 0000:00:18.4: BAR 13: failed to assign [io  size 0x1000]
[    1.023067] pci 0000:00:18.5: BAR 13: no space for [io  size 0x1000]
[    1.023068] pci 0000:00:18.5: BAR 13: failed to assign [io  size 0x1000]
[    1.023070] pci 0000:00:18.6: BAR 13: no space for [io  size 0x1000]
[    1.023071] pci 0000:00:18.6: BAR 13: failed to assign [io  size 0x1000]
[    1.023073] pci 0000:00:18.7: BAR 13: no space for [io  size 0x1000]
[    1.023074] pci 0000:00:18.7: BAR 13: failed to assign [io  size 0x1000]
[    1.023079] pci 0000:00:18.7: BAR 13: no space for [io  size 0x1000]
[    1.023080] pci 0000:00:18.7: BAR 13: failed to assign [io  size 0x1000]
[    1.023082] pci 0000:00:18.6: BAR 13: no space for [io  size 0x1000]
[    1.023083] pci 0000:00:18.6: BAR 13: failed to assign [io  size 0x1000]
[    1.023085] pci 0000:00:18.5: BAR 13: no space for [io  size 0x1000]
[    1.023086] pci 0000:00:18.5: BAR 13: failed to assign [io  size 0x1000]
[    1.023088] pci 0000:00:18.4: BAR 13: no space for [io  size 0x1000]
[    1.023090] pci 0000:00:18.4: BAR 13: failed to assign [io  size 0x1000]
[    1.023092] pci 0000:00:18.3: BAR 13: no space for [io  size 0x1000]
[    1.023093] pci 0000:00:18.3: BAR 13: failed to assign [io  size 0x1000]
[    1.023095] pci 0000:00:18.2: BAR 13: no space for [io  size 0x1000]
[    1.023096] pci 0000:00:18.2: BAR 13: failed to assign [io  size 0x1000]
[    1.023098] pci 0000:00:17.7: BAR 13: no space for [io  size 0x1000]
[    1.023099] pci 0000:00:17.7: BAR 13: failed to assign [io  size 0x1000]
[    1.023101] pci 0000:00:17.6: BAR 13: no space for [io  size 0x1000]
[    1.023102] pci 0000:00:17.6: BAR 13: failed to assign [io  size 0x1000]
[    1.023104] pci 0000:00:17.5: BAR 13: no space for [io  size 0x1000]
[    1.023105] pci 0000:00:17.5: BAR 13: failed to assign [io  size 0x1000]
[    1.023107] pci 0000:00:17.4: BAR 13: no space for [io  size 0x1000]
[    1.023108] pci 0000:00:17.4: BAR 13: failed to assign [io  size 0x1000]
[    1.023110] pci 0000:00:17.3: BAR 13: no space for [io  size 0x1000]
[    1.023111] pci 0000:00:17.3: BAR 13: failed to assign [io  size 0x1000]
[    1.023113] pci 0000:00:16.7: BAR 13: no space for [io  size 0x1000]
[    1.023115] pci 0000:00:16.7: BAR 13: failed to assign [io  size 0x1000]
[    1.023117] pci 0000:00:16.6: BAR 13: no space for [io  size 0x1000]
[    1.023118] pci 0000:00:16.6: BAR 13: failed to assign [io  size 0x1000]
[    1.023120] pci 0000:00:16.5: BAR 13: no space for [io  size 0x1000]
[    1.023121] pci 0000:00:16.5: BAR 13: failed to assign [io  size 0x1000]
[    1.023123] pci 0000:00:16.4: BAR 13: no space for [io  size 0x1000]
[    1.023124] pci 0000:00:16.4: BAR 13: failed to assign [io  size 0x1000]
[    1.023126] pci 0000:00:16.3: BAR 13: no space for [io  size 0x1000]
[    1.023127] pci 0000:00:16.3: BAR 13: failed to assign [io  size 0x1000]
[    1.023129] pci 0000:00:15.7: BAR 13: no space for [io  size 0x1000]
[    1.023130] pci 0000:00:15.7: BAR 13: failed to assign [io  size 0x1000]
[    1.023132] pci 0000:00:15.6: BAR 13: no space for [io  size 0x1000]
[    1.023133] pci 0000:00:15.6: BAR 13: failed to assign [io  size 0x1000]
[    1.023135] pci 0000:00:15.5: BAR 13: no space for [io  size 0x1000]
[    1.023136] pci 0000:00:15.5: BAR 13: failed to assign [io  size 0x1000]
[    1.023138] pci 0000:00:15.4: BAR 13: no space for [io  size 0x1000]
[    1.023139] pci 0000:00:15.4: BAR 13: failed to assign [io  size 0x1000]
[    1.023141] pci 0000:00:15.3: BAR 13: no space for [io  size 0x1000]
[    1.023142] pci 0000:00:15.3: BAR 13: failed to assign [io  size 0x1000]
[    1.023145] pci 0000:00:01.0: PCI bridge to [bus 01]
[    1.023284] pci 0000:02:01.0: BAR 6: assigned [mem 0xfd500000-0xfd50ffff pref]
[    1.023287] pci 0000:02:05.0: BAR 6: assigned [mem 0xfd510000-0xfd51ffff pref]
[    1.023289] pci 0000:00:11.0: PCI bridge to [bus 02]
[    1.023306] pci 0000:00:11.0:   bridge window [io  0x2000-0x3fff]
[    1.023350] pci 0000:00:11.0:   bridge window [mem 0xfd500000-0xfdffffff]
[    1.023379] pci 0000:00:11.0:   bridge window [mem 0xe7b00000-0xe7ffffff 64bit pref]
[    1.023436] pci 0000:00:15.0: PCI bridge to [bus 03]
[    1.023452] pci 0000:00:15.0:   bridge window [io  0x4000-0x4fff]
[    1.023495] pci 0000:00:15.0:   bridge window [mem 0xfd400000-0xfd4fffff]
[    1.023525] pci 0000:00:15.0:   bridge window [mem 0xe7a00000-0xe7afffff 64bit pref]
[    1.023621] pci 0000:00:15.1: PCI bridge to [bus 04]
[    1.023639] pci 0000:00:15.1:   bridge window [io  0x8000-0x8fff]
[    1.023682] pci 0000:00:15.1:   bridge window [mem 0xfd000000-0xfd0fffff]
[    1.023711] pci 0000:00:15.1:   bridge window [mem 0xe7600000-0xe76fffff 64bit pref]
[    1.023787] pci 0000:00:15.2: PCI bridge to [bus 05]
[    1.023804] pci 0000:00:15.2:   bridge window [io  0xc000-0xcfff]
[    1.023849] pci 0000:00:15.2:   bridge window [mem 0xfcc00000-0xfccfffff]
[    1.023879] pci 0000:00:15.2:   bridge window [mem 0xe7200000-0xe72fffff 64bit pref]
[    1.023953] pci 0000:00:15.3: PCI bridge to [bus 06]
[    1.023997] pci 0000:00:15.3:   bridge window [mem 0xfc800000-0xfc8fffff]
[    1.024026] pci 0000:00:15.3:   bridge window [mem 0xe6e00000-0xe6efffff 64bit pref]
[    1.024099] pci 0000:00:15.4: PCI bridge to [bus 07]
[    1.024143] pci 0000:00:15.4:   bridge window [mem 0xfc400000-0xfc4fffff]
[    1.024172] pci 0000:00:15.4:   bridge window [mem 0xe6a00000-0xe6afffff 64bit pref]
[    1.024246] pci 0000:00:15.5: PCI bridge to [bus 08]
[    1.024289] pci 0000:00:15.5:   bridge window [mem 0xfc000000-0xfc0fffff]
[    1.024319] pci 0000:00:15.5:   bridge window [mem 0xe6600000-0xe66fffff 64bit pref]
[    1.024391] pci 0000:00:15.6: PCI bridge to [bus 09]
[    1.024435] pci 0000:00:15.6:   bridge window [mem 0xfbc00000-0xfbcfffff]
[    1.024464] pci 0000:00:15.6:   bridge window [mem 0xe6200000-0xe62fffff 64bit pref]
[    1.024538] pci 0000:00:15.7: PCI bridge to [bus 0a]
[    1.024581] pci 0000:00:15.7:   bridge window [mem 0xfb800000-0xfb8fffff]
[    1.024610] pci 0000:00:15.7:   bridge window [mem 0xe5e00000-0xe5efffff 64bit pref]
[    1.024684] pci 0000:00:16.0: PCI bridge to [bus 0b]
[    1.024701] pci 0000:00:16.0:   bridge window [io  0x5000-0x5fff]
[    1.024743] pci 0000:00:16.0:   bridge window [mem 0xfd300000-0xfd3fffff]
[    1.024772] pci 0000:00:16.0:   bridge window [mem 0xe7900000-0xe79fffff 64bit pref]
[    1.024848] pci 0000:00:16.1: PCI bridge to [bus 0c]
[    1.024865] pci 0000:00:16.1:   bridge window [io  0x9000-0x9fff]
[    1.024907] pci 0000:00:16.1:   bridge window [mem 0xfcf00000-0xfcffffff]
[    1.024936] pci 0000:00:16.1:   bridge window [mem 0xe7500000-0xe75fffff 64bit pref]
[    1.025010] pci 0000:00:16.2: PCI bridge to [bus 0d]
[    1.025027] pci 0000:00:16.2:   bridge window [io  0xd000-0xdfff]
[    1.025069] pci 0000:00:16.2:   bridge window [mem 0xfcb00000-0xfcbfffff]
[    1.025098] pci 0000:00:16.2:   bridge window [mem 0xe7100000-0xe71fffff 64bit pref]
[    1.025172] pci 0000:00:16.3: PCI bridge to [bus 0e]
[    1.025215] pci 0000:00:16.3:   bridge window [mem 0xfc700000-0xfc7fffff]
[    1.025244] pci 0000:00:16.3:   bridge window [mem 0xe6d00000-0xe6dfffff 64bit pref]
[    1.025317] pci 0000:00:16.4: PCI bridge to [bus 0f]
[    1.025361] pci 0000:00:16.4:   bridge window [mem 0xfc300000-0xfc3fffff]
[    1.025390] pci 0000:00:16.4:   bridge window [mem 0xe6900000-0xe69fffff 64bit pref]
[    1.025464] pci 0000:00:16.5: PCI bridge to [bus 10]
[    1.025507] pci 0000:00:16.5:   bridge window [mem 0xfbf00000-0xfbffffff]
[    1.025537] pci 0000:00:16.5:   bridge window [mem 0xe6500000-0xe65fffff 64bit pref]
[    1.025610] pci 0000:00:16.6: PCI bridge to [bus 11]
[    1.025653] pci 0000:00:16.6:   bridge window [mem 0xfbb00000-0xfbbfffff]
[    1.025682] pci 0000:00:16.6:   bridge window [mem 0xe6100000-0xe61fffff 64bit pref]
[    1.025756] pci 0000:00:16.7: PCI bridge to [bus 12]
[    1.025799] pci 0000:00:16.7:   bridge window [mem 0xfb700000-0xfb7fffff]
[    1.025846] pci 0000:00:16.7:   bridge window [mem 0xe5d00000-0xe5dfffff 64bit pref]
[    1.025941] pci 0000:00:17.0: PCI bridge to [bus 13]
[    1.025960] pci 0000:00:17.0:   bridge window [io  0x6000-0x6fff]
[    1.026003] pci 0000:00:17.0:   bridge window [mem 0xfd200000-0xfd2fffff]
[    1.026032] pci 0000:00:17.0:   bridge window [mem 0xe7800000-0xe78fffff 64bit pref]
[    1.026108] pci 0000:00:17.1: PCI bridge to [bus 14]
[    1.026124] pci 0000:00:17.1:   bridge window [io  0xa000-0xafff]
[    1.026167] pci 0000:00:17.1:   bridge window [mem 0xfce00000-0xfcefffff]
[    1.026196] pci 0000:00:17.1:   bridge window [mem 0xe7400000-0xe74fffff 64bit pref]
[    1.026270] pci 0000:00:17.2: PCI bridge to [bus 15]
[    1.026287] pci 0000:00:17.2:   bridge window [io  0xe000-0xefff]
[    1.026330] pci 0000:00:17.2:   bridge window [mem 0xfca00000-0xfcafffff]
[    1.026359] pci 0000:00:17.2:   bridge window [mem 0xe7000000-0xe70fffff 64bit pref]
[    1.026433] pci 0000:00:17.3: PCI bridge to [bus 16]
[    1.026476] pci 0000:00:17.3:   bridge window [mem 0xfc600000-0xfc6fffff]
[    1.026506] pci 0000:00:17.3:   bridge window [mem 0xe6c00000-0xe6cfffff 64bit pref]
[    1.026579] pci 0000:00:17.4: PCI bridge to [bus 17]
[    1.026622] pci 0000:00:17.4:   bridge window [mem 0xfc200000-0xfc2fffff]
[    1.026651] pci 0000:00:17.4:   bridge window [mem 0xe6800000-0xe68fffff 64bit pref]
[    1.026725] pci 0000:00:17.5: PCI bridge to [bus 18]
[    1.026768] pci 0000:00:17.5:   bridge window [mem 0xfbe00000-0xfbefffff]
[    1.026798] pci 0000:00:17.5:   bridge window [mem 0xe6400000-0xe64fffff 64bit pref]
[    1.026882] pci 0000:00:17.6: PCI bridge to [bus 19]
[    1.026926] pci 0000:00:17.6:   bridge window [mem 0xfba00000-0xfbafffff]
[    1.026955] pci 0000:00:17.6:   bridge window [mem 0xe6000000-0xe60fffff 64bit pref]
[    1.027028] pci 0000:00:17.7: PCI bridge to [bus 1a]
[    1.027072] pci 0000:00:17.7:   bridge window [mem 0xfb600000-0xfb6fffff]
[    1.027101] pci 0000:00:17.7:   bridge window [mem 0xe5c00000-0xe5cfffff 64bit pref]
[    1.027174] pci 0000:00:18.0: PCI bridge to [bus 1b]
[    1.027191] pci 0000:00:18.0:   bridge window [io  0x7000-0x7fff]
[    1.027234] pci 0000:00:18.0:   bridge window [mem 0xfd100000-0xfd1fffff]
[    1.027263] pci 0000:00:18.0:   bridge window [mem 0xe7700000-0xe77fffff 64bit pref]
[    1.027337] pci 0000:00:18.1: PCI bridge to [bus 1c]
[    1.027353] pci 0000:00:18.1:   bridge window [io  0xb000-0xbfff]
[    1.027396] pci 0000:00:18.1:   bridge window [mem 0xfcd00000-0xfcdfffff]
[    1.027425] pci 0000:00:18.1:   bridge window [mem 0xe7300000-0xe73fffff 64bit pref]
[    1.027499] pci 0000:00:18.2: PCI bridge to [bus 1d]
[    1.027542] pci 0000:00:18.2:   bridge window [mem 0xfc900000-0xfc9fffff]
[    1.027571] pci 0000:00:18.2:   bridge window [mem 0xe6f00000-0xe6ffffff 64bit pref]
[    1.027645] pci 0000:00:18.3: PCI bridge to [bus 1e]
[    1.027688] pci 0000:00:18.3:   bridge window [mem 0xfc500000-0xfc5fffff]
[    1.027717] pci 0000:00:18.3:   bridge window [mem 0xe6b00000-0xe6bfffff 64bit pref]
[    1.027798] pci 0000:00:18.4: PCI bridge to [bus 1f]
[    1.027843] pci 0000:00:18.4:   bridge window [mem 0xfc100000-0xfc1fffff]
[    1.027873] pci 0000:00:18.4:   bridge window [mem 0xe6700000-0xe67fffff 64bit pref]
[    1.027947] pci 0000:00:18.5: PCI bridge to [bus 20]
[    1.027990] pci 0000:00:18.5:   bridge window [mem 0xfbd00000-0xfbdfffff]
[    1.028019] pci 0000:00:18.5:   bridge window [mem 0xe6300000-0xe63fffff 64bit pref]
[    1.028093] pci 0000:00:18.6: PCI bridge to [bus 21]
[    1.028136] pci 0000:00:18.6:   bridge window [mem 0xfb900000-0xfb9fffff]
[    1.028165] pci 0000:00:18.6:   bridge window [mem 0xe5f00000-0xe5ffffff 64bit pref]
[    1.028239] pci 0000:00:18.7: PCI bridge to [bus 22]
[    1.028282] pci 0000:00:18.7:   bridge window [mem 0xfb500000-0xfb5fffff]
[    1.028311] pci 0000:00:18.7:   bridge window [mem 0xe5b00000-0xe5bfffff 64bit pref]
[    1.028385] pci_bus 0000:00: resource 4 [mem 0x000a0000-0x000bffff window]
[    1.028388] pci_bus 0000:00: resource 5 [mem 0x000d0000-0x000d3fff window]
[    1.028389] pci_bus 0000:00: resource 6 [mem 0x000d4000-0x000d7fff window]
[    1.028390] pci_bus 0000:00: resource 7 [mem 0x000d8000-0x000dbfff window]
[    1.028392] pci_bus 0000:00: resource 8 [mem 0xc0000000-0xfebfffff window]
[    1.028393] pci_bus 0000:00: resource 9 [io  0x0000-0x0cf7 window]
[    1.028394] pci_bus 0000:00: resource 10 [io  0x0d00-0xfeff window]
[    1.028397] pci_bus 0000:02: resource 0 [io  0x2000-0x3fff]
[    1.028398] pci_bus 0000:02: resource 1 [mem 0xfd500000-0xfdffffff]
[    1.028399] pci_bus 0000:02: resource 2 [mem 0xe7b00000-0xe7ffffff 64bit pref]
[    1.028400] pci_bus 0000:02: resource 4 [mem 0x000a0000-0x000bffff window]
[    1.028402] pci_bus 0000:02: resource 5 [mem 0x000d0000-0x000d3fff window]
[    1.028403] pci_bus 0000:02: resource 6 [mem 0x000d4000-0x000d7fff window]
[    1.028404] pci_bus 0000:02: resource 7 [mem 0x000d8000-0x000dbfff window]
[    1.028405] pci_bus 0000:02: resource 8 [mem 0xc0000000-0xfebfffff window]
[    1.028407] pci_bus 0000:02: resource 9 [io  0x0000-0x0cf7 window]
[    1.028408] pci_bus 0000:02: resource 10 [io  0x0d00-0xfeff window]
[    1.028410] pci_bus 0000:03: resource 0 [io  0x4000-0x4fff]
[    1.028411] pci_bus 0000:03: resource 1 [mem 0xfd400000-0xfd4fffff]
[    1.028412] pci_bus 0000:03: resource 2 [mem 0xe7a00000-0xe7afffff 64bit pref]
[    1.028414] pci_bus 0000:04: resource 0 [io  0x8000-0x8fff]
[    1.028415] pci_bus 0000:04: resource 1 [mem 0xfd000000-0xfd0fffff]
[    1.028416] pci_bus 0000:04: resource 2 [mem 0xe7600000-0xe76fffff 64bit pref]
[    1.028418] pci_bus 0000:05: resource 0 [io  0xc000-0xcfff]
[    1.028419] pci_bus 0000:05: resource 1 [mem 0xfcc00000-0xfccfffff]
[    1.028420] pci_bus 0000:05: resource 2 [mem 0xe7200000-0xe72fffff 64bit pref]
[    1.028421] pci_bus 0000:06: resource 1 [mem 0xfc800000-0xfc8fffff]
[    1.028423] pci_bus 0000:06: resource 2 [mem 0xe6e00000-0xe6efffff 64bit pref]
[    1.028424] pci_bus 0000:07: resource 1 [mem 0xfc400000-0xfc4fffff]
[    1.028425] pci_bus 0000:07: resource 2 [mem 0xe6a00000-0xe6afffff 64bit pref]
[    1.028427] pci_bus 0000:08: resource 1 [mem 0xfc000000-0xfc0fffff]
[    1.028428] pci_bus 0000:08: resource 2 [mem 0xe6600000-0xe66fffff 64bit pref]
[    1.028429] pci_bus 0000:09: resource 1 [mem 0xfbc00000-0xfbcfffff]
[    1.028430] pci_bus 0000:09: resource 2 [mem 0xe6200000-0xe62fffff 64bit pref]
[    1.028432] pci_bus 0000:0a: resource 1 [mem 0xfb800000-0xfb8fffff]
[    1.028433] pci_bus 0000:0a: resource 2 [mem 0xe5e00000-0xe5efffff 64bit pref]
[    1.028434] pci_bus 0000:0b: resource 0 [io  0x5000-0x5fff]
[    1.028435] pci_bus 0000:0b: resource 1 [mem 0xfd300000-0xfd3fffff]
[    1.028437] pci_bus 0000:0b: resource 2 [mem 0xe7900000-0xe79fffff 64bit pref]
[    1.028438] pci_bus 0000:0c: resource 0 [io  0x9000-0x9fff]
[    1.028439] pci_bus 0000:0c: resource 1 [mem 0xfcf00000-0xfcffffff]
[    1.028440] pci_bus 0000:0c: resource 2 [mem 0xe7500000-0xe75fffff 64bit pref]
[    1.028442] pci_bus 0000:0d: resource 0 [io  0xd000-0xdfff]
[    1.028443] pci_bus 0000:0d: resource 1 [mem 0xfcb00000-0xfcbfffff]
[    1.028444] pci_bus 0000:0d: resource 2 [mem 0xe7100000-0xe71fffff 64bit pref]
[    1.028446] pci_bus 0000:0e: resource 1 [mem 0xfc700000-0xfc7fffff]
[    1.028447] pci_bus 0000:0e: resource 2 [mem 0xe6d00000-0xe6dfffff 64bit pref]
[    1.028448] pci_bus 0000:0f: resource 1 [mem 0xfc300000-0xfc3fffff]
[    1.028449] pci_bus 0000:0f: resource 2 [mem 0xe6900000-0xe69fffff 64bit pref]
[    1.028451] pci_bus 0000:10: resource 1 [mem 0xfbf00000-0xfbffffff]
[    1.028452] pci_bus 0000:10: resource 2 [mem 0xe6500000-0xe65fffff 64bit pref]
[    1.028453] pci_bus 0000:11: resource 1 [mem 0xfbb00000-0xfbbfffff]
[    1.028455] pci_bus 0000:11: resource 2 [mem 0xe6100000-0xe61fffff 64bit pref]
[    1.028456] pci_bus 0000:12: resource 1 [mem 0xfb700000-0xfb7fffff]
[    1.028457] pci_bus 0000:12: resource 2 [mem 0xe5d00000-0xe5dfffff 64bit pref]
[    1.028459] pci_bus 0000:13: resource 0 [io  0x6000-0x6fff]
[    1.028460] pci_bus 0000:13: resource 1 [mem 0xfd200000-0xfd2fffff]
[    1.028461] pci_bus 0000:13: resource 2 [mem 0xe7800000-0xe78fffff 64bit pref]
[    1.028462] pci_bus 0000:14: resource 0 [io  0xa000-0xafff]
[    1.028463] pci_bus 0000:14: resource 1 [mem 0xfce00000-0xfcefffff]
[    1.028465] pci_bus 0000:14: resource 2 [mem 0xe7400000-0xe74fffff 64bit pref]
[    1.028466] pci_bus 0000:15: resource 0 [io  0xe000-0xefff]
[    1.028467] pci_bus 0000:15: resource 1 [mem 0xfca00000-0xfcafffff]
[    1.028468] pci_bus 0000:15: resource 2 [mem 0xe7000000-0xe70fffff 64bit pref]
[    1.028470] pci_bus 0000:16: resource 1 [mem 0xfc600000-0xfc6fffff]
[    1.028471] pci_bus 0000:16: resource 2 [mem 0xe6c00000-0xe6cfffff 64bit pref]
[    1.028472] pci_bus 0000:17: resource 1 [mem 0xfc200000-0xfc2fffff]
[    1.028474] pci_bus 0000:17: resource 2 [mem 0xe6800000-0xe68fffff 64bit pref]
[    1.028475] pci_bus 0000:18: resource 1 [mem 0xfbe00000-0xfbefffff]
[    1.028476] pci_bus 0000:18: resource 2 [mem 0xe6400000-0xe64fffff 64bit pref]
[    1.028477] pci_bus 0000:19: resource 1 [mem 0xfba00000-0xfbafffff]
[    1.028479] pci_bus 0000:19: resource 2 [mem 0xe6000000-0xe60fffff 64bit pref]
[    1.028480] pci_bus 0000:1a: resource 1 [mem 0xfb600000-0xfb6fffff]
[    1.028481] pci_bus 0000:1a: resource 2 [mem 0xe5c00000-0xe5cfffff 64bit pref]
[    1.028482] pci_bus 0000:1b: resource 0 [io  0x7000-0x7fff]
[    1.028484] pci_bus 0000:1b: resource 1 [mem 0xfd100000-0xfd1fffff]
[    1.028485] pci_bus 0000:1b: resource 2 [mem 0xe7700000-0xe77fffff 64bit pref]
[    1.028486] pci_bus 0000:1c: resource 0 [io  0xb000-0xbfff]
[    1.028487] pci_bus 0000:1c: resource 1 [mem 0xfcd00000-0xfcdfffff]
[    1.028488] pci_bus 0000:1c: resource 2 [mem 0xe7300000-0xe73fffff 64bit pref]
[    1.028490] pci_bus 0000:1d: resource 1 [mem 0xfc900000-0xfc9fffff]
[    1.028491] pci_bus 0000:1d: resource 2 [mem 0xe6f00000-0xe6ffffff 64bit pref]
[    1.028492] pci_bus 0000:1e: resource 1 [mem 0xfc500000-0xfc5fffff]
[    1.028493] pci_bus 0000:1e: resource 2 [mem 0xe6b00000-0xe6bfffff 64bit pref]
[    1.028495] pci_bus 0000:1f: resource 1 [mem 0xfc100000-0xfc1fffff]
[    1.028496] pci_bus 0000:1f: resource 2 [mem 0xe6700000-0xe67fffff 64bit pref]
[    1.028497] pci_bus 0000:20: resource 1 [mem 0xfbd00000-0xfbdfffff]
[    1.028499] pci_bus 0000:20: resource 2 [mem 0xe6300000-0xe63fffff 64bit pref]
[    1.028500] pci_bus 0000:21: resource 1 [mem 0xfb900000-0xfb9fffff]
[    1.028501] pci_bus 0000:21: resource 2 [mem 0xe5f00000-0xe5ffffff 64bit pref]
[    1.028503] pci_bus 0000:22: resource 1 [mem 0xfb500000-0xfb5fffff]
[    1.028504] pci_bus 0000:22: resource 2 [mem 0xe5b00000-0xe5bfffff 64bit pref]
[    1.028760] pci 0000:00:00.0: Limiting direct PCI/PCI transfers
[    1.028906] pci 0000:00:0f.0: Video device with shadowed ROM at [mem 0x000c0000-0x000dffff]
[    1.030671] pci 0000:02:01.0: CLS mismatch (32 != 64), using 64 bytes
[    1.031754] Trying to unpack rootfs image as initramfs...
[   10.022387] Freeing initrd memory: 764664K
[   10.022562] PCI-DMA: Using software bounce buffering for IO (SWIOTLB)
[   10.022565] software IO TLB: mapped [mem 0x00000000bbed0000-0x00000000bfed0000] (64MB)
[   10.022611] clocksource: tsc: mask: 0xffffffffffffffff max_cycles: 0x2574b056c7d, max_idle_ns: 440795323755 ns
[   10.022804] clocksource: Switched to clocksource tsc
[   10.024556] Initialise system trusted keyrings
[   10.024570] Key type blacklist registered
[   10.024777] workingset: timestamp_bits=36 max_order=20 bucket_order=0
[   10.025932] zbud: loaded
[   10.026323] squashfs: version 4.0 (2009/01/31) Phillip Lougher
[   10.026825] fuse: init (API version 7.33)
[   10.027885] integrity: Platform Keyring initialized
[   10.039365] Key type asymmetric registered
[   10.039368] Asymmetric key parser 'x509' registered
[   10.039379] Block layer SCSI generic (bsg) driver version 0.4 loaded (major 244)
[   10.039624] io scheduler mq-deadline registered
[   10.041506] pcieport 0000:00:15.0: PME: Signaling with IRQ 25
[   10.041650] pcieport 0000:00:15.0: pciehp: Slot #160 AttnBtn+ PwrCtrl+ MRL- AttnInd- PwrInd- HotPlug+ Surprise- Interlock- NoCompl+ IbPresDis- LLActRep+
[   10.043180] pcieport 0000:00:15.1: PME: Signaling with IRQ 26
[   10.043302] pcieport 0000:00:15.1: pciehp: Slot #161 AttnBtn+ PwrCtrl+ MRL- AttnInd- PwrInd- HotPlug+ Surprise- Interlock- NoCompl+ IbPresDis- LLActRep+
[   10.044741] pcieport 0000:00:15.2: PME: Signaling with IRQ 27
[   10.044861] pcieport 0000:00:15.2: pciehp: Slot #162 AttnBtn+ PwrCtrl+ MRL- AttnInd- PwrInd- HotPlug+ Surprise- Interlock- NoCompl+ IbPresDis- LLActRep+
[   10.046293] pcieport 0000:00:15.3: PME: Signaling with IRQ 28
[   10.046414] pcieport 0000:00:15.3: pciehp: Slot #163 AttnBtn+ PwrCtrl+ MRL- AttnInd- PwrInd- HotPlug+ Surprise- Interlock- NoCompl+ IbPresDis- LLActRep+
[   10.047840] pcieport 0000:00:15.4: PME: Signaling with IRQ 29
[   10.047960] pcieport 0000:00:15.4: pciehp: Slot #164 AttnBtn+ PwrCtrl+ MRL- AttnInd- PwrInd- HotPlug+ Surprise- Interlock- NoCompl+ IbPresDis- LLActRep+
[   10.049353] pcieport 0000:00:15.5: PME: Signaling with IRQ 30
[   10.049473] pcieport 0000:00:15.5: pciehp: Slot #165 AttnBtn+ PwrCtrl+ MRL- AttnInd- PwrInd- HotPlug+ Surprise- Interlock- NoCompl+ IbPresDis- LLActRep+
[   10.050928] pcieport 0000:00:15.6: PME: Signaling with IRQ 31
[   10.051059] pcieport 0000:00:15.6: pciehp: Slot #166 AttnBtn+ PwrCtrl+ MRL- AttnInd- PwrInd- HotPlug+ Surprise- Interlock- NoCompl+ IbPresDis- LLActRep+
[   10.052493] pcieport 0000:00:15.7: PME: Signaling with IRQ 32
[   10.052625] pcieport 0000:00:15.7: pciehp: Slot #167 AttnBtn+ PwrCtrl+ MRL- AttnInd- PwrInd- HotPlug+ Surprise- Interlock- NoCompl+ IbPresDis- LLActRep+
[   10.054079] pcieport 0000:00:16.0: PME: Signaling with IRQ 33
[   10.054199] pcieport 0000:00:16.0: pciehp: Slot #192 AttnBtn+ PwrCtrl+ MRL- AttnInd- PwrInd- HotPlug+ Surprise- Interlock- NoCompl+ IbPresDis- LLActRep+
[   10.055615] pcieport 0000:00:16.1: PME: Signaling with IRQ 34
[   10.055752] pcieport 0000:00:16.1: pciehp: Slot #193 AttnBtn+ PwrCtrl+ MRL- AttnInd- PwrInd- HotPlug+ Surprise- Interlock- NoCompl+ IbPresDis- LLActRep+
[   10.057163] pcieport 0000:00:16.2: PME: Signaling with IRQ 35
[   10.057282] pcieport 0000:00:16.2: pciehp: Slot #194 AttnBtn+ PwrCtrl+ MRL- AttnInd- PwrInd- HotPlug+ Surprise- Interlock- NoCompl+ IbPresDis- LLActRep+
[   10.058717] pcieport 0000:00:16.3: PME: Signaling with IRQ 36
[   10.058844] pcieport 0000:00:16.3: pciehp: Slot #195 AttnBtn+ PwrCtrl+ MRL- AttnInd- PwrInd- HotPlug+ Surprise- Interlock- NoCompl+ IbPresDis- LLActRep+
[   10.060233] pcieport 0000:00:16.4: PME: Signaling with IRQ 37
[   10.060353] pcieport 0000:00:16.4: pciehp: Slot #196 AttnBtn+ PwrCtrl+ MRL- AttnInd- PwrInd- HotPlug+ Surprise- Interlock- NoCompl+ IbPresDis- LLActRep+
[   10.061786] pcieport 0000:00:16.5: PME: Signaling with IRQ 38
[   10.061918] pcieport 0000:00:16.5: pciehp: Slot #197 AttnBtn+ PwrCtrl+ MRL- AttnInd- PwrInd- HotPlug+ Surprise- Interlock- NoCompl+ IbPresDis- LLActRep+
[   10.063343] pcieport 0000:00:16.6: PME: Signaling with IRQ 39
[   10.063464] pcieport 0000:00:16.6: pciehp: Slot #198 AttnBtn+ PwrCtrl+ MRL- AttnInd- PwrInd- HotPlug+ Surprise- Interlock- NoCompl+ IbPresDis- LLActRep+
[   10.064884] pcieport 0000:00:16.7: PME: Signaling with IRQ 40
[   10.065005] pcieport 0000:00:16.7: pciehp: Slot #199 AttnBtn+ PwrCtrl+ MRL- AttnInd- PwrInd- HotPlug+ Surprise- Interlock- NoCompl+ IbPresDis- LLActRep+
[   10.066468] pcieport 0000:00:17.0: PME: Signaling with IRQ 41
[   10.066592] pcieport 0000:00:17.0: pciehp: Slot #224 AttnBtn+ PwrCtrl+ MRL- AttnInd- PwrInd- HotPlug+ Surprise- Interlock- NoCompl+ IbPresDis- LLActRep+
[   10.068016] pcieport 0000:00:17.1: PME: Signaling with IRQ 42
[   10.068137] pcieport 0000:00:17.1: pciehp: Slot #225 AttnBtn+ PwrCtrl+ MRL- AttnInd- PwrInd- HotPlug+ Surprise- Interlock- NoCompl+ IbPresDis- LLActRep+
[   10.069552] pcieport 0000:00:17.2: PME: Signaling with IRQ 43
[   10.069684] pcieport 0000:00:17.2: pciehp: Slot #226 AttnBtn+ PwrCtrl+ MRL- AttnInd- PwrInd- HotPlug+ Surprise- Interlock- NoCompl+ IbPresDis- LLActRep+
[   10.071083] pcieport 0000:00:17.3: PME: Signaling with IRQ 44
[   10.071204] pcieport 0000:00:17.3: pciehp: Slot #227 AttnBtn+ PwrCtrl+ MRL- AttnInd- PwrInd- HotPlug+ Surprise- Interlock- NoCompl+ IbPresDis- LLActRep+
[   10.072631] pcieport 0000:00:17.4: PME: Signaling with IRQ 45
[   10.072752] pcieport 0000:00:17.4: pciehp: Slot #228 AttnBtn+ PwrCtrl+ MRL- AttnInd- PwrInd- HotPlug+ Surprise- Interlock- NoCompl+ IbPresDis- LLActRep+
[   10.074195] pcieport 0000:00:17.5: PME: Signaling with IRQ 46
[   10.074317] pcieport 0000:00:17.5: pciehp: Slot #229 AttnBtn+ PwrCtrl+ MRL- AttnInd- PwrInd- HotPlug+ Surprise- Interlock- NoCompl+ IbPresDis- LLActRep+
[   10.075759] pcieport 0000:00:17.6: PME: Signaling with IRQ 47
[   10.075884] pcieport 0000:00:17.6: pciehp: Slot #230 AttnBtn+ PwrCtrl+ MRL- AttnInd- PwrInd- HotPlug+ Surprise- Interlock- NoCompl+ IbPresDis- LLActRep+
[   10.077319] pcieport 0000:00:17.7: PME: Signaling with IRQ 48
[   10.077443] pcieport 0000:00:17.7: pciehp: Slot #231 AttnBtn+ PwrCtrl+ MRL- AttnInd- PwrInd- HotPlug+ Surprise- Interlock- NoCompl+ IbPresDis- LLActRep+
[   10.078913] pcieport 0000:00:18.0: PME: Signaling with IRQ 49
[   10.079034] pcieport 0000:00:18.0: pciehp: Slot #256 AttnBtn+ PwrCtrl+ MRL- AttnInd- PwrInd- HotPlug+ Surprise- Interlock- NoCompl+ IbPresDis- LLActRep+
[   10.080464] pcieport 0000:00:18.1: PME: Signaling with IRQ 50
[   10.080596] pcieport 0000:00:18.1: pciehp: Slot #257 AttnBtn+ PwrCtrl+ MRL- AttnInd- PwrInd- HotPlug+ Surprise- Interlock- NoCompl+ IbPresDis- LLActRep+
[   10.082044] pcieport 0000:00:18.2: PME: Signaling with IRQ 51
[   10.082166] pcieport 0000:00:18.2: pciehp: Slot #258 AttnBtn+ PwrCtrl+ MRL- AttnInd- PwrInd- HotPlug+ Surprise- Interlock- NoCompl+ IbPresDis- LLActRep+
[   10.083641] pcieport 0000:00:18.3: PME: Signaling with IRQ 52
[   10.083762] pcieport 0000:00:18.3: pciehp: Slot #259 AttnBtn+ PwrCtrl+ MRL- AttnInd- PwrInd- HotPlug+ Surprise- Interlock- NoCompl+ IbPresDis- LLActRep+
[   10.085191] pcieport 0000:00:18.4: PME: Signaling with IRQ 53
[   10.085312] pcieport 0000:00:18.4: pciehp: Slot #260 AttnBtn+ PwrCtrl+ MRL- AttnInd- PwrInd- HotPlug+ Surprise- Interlock- NoCompl+ IbPresDis- LLActRep+
[   10.086772] pcieport 0000:00:18.5: PME: Signaling with IRQ 54
[   10.086892] pcieport 0000:00:18.5: pciehp: Slot #261 AttnBtn+ PwrCtrl+ MRL- AttnInd- PwrInd- HotPlug+ Surprise- Interlock- NoCompl+ IbPresDis- LLActRep+
[   10.088317] pcieport 0000:00:18.6: PME: Signaling with IRQ 55
[   10.088437] pcieport 0000:00:18.6: pciehp: Slot #262 AttnBtn+ PwrCtrl+ MRL- AttnInd- PwrInd- HotPlug+ Surprise- Interlock- NoCompl+ IbPresDis- LLActRep+
[   10.089885] pcieport 0000:00:18.7: PME: Signaling with IRQ 56
[   10.090020] pcieport 0000:00:18.7: pciehp: Slot #263 AttnBtn+ PwrCtrl+ MRL- AttnInd- PwrInd- HotPlug+ Surprise- Interlock- NoCompl+ IbPresDis- LLActRep+
[   10.090952] shpchp: Standard Hot Plug PCI Controller Driver version: 0.4
[   10.091515] ACPI: AC: AC Adapter [ACAD] (on-line)
[   10.091707] input: Power Button as /devices/LNXSYSTM:00/LNXPWRBN:00/input/input0
[   10.091777] ACPI: button: Power Button [PWRF]
[   10.094533] Serial: 8250/16550 driver, 32 ports, IRQ sharing enabled
[   10.119532] 00:05: ttyS0 at I/O 0x3f8 (irq = 4, base_baud = 115200) is a 16550A
[   10.173498] Linux agpgart interface v0.103
[   10.173624] agpgart-intel 0000:00:00.0: Intel 440BX Chipset
[   10.175217] agpgart-intel 0000:00:00.0: AGP aperture is 256M @ 0x0
[   10.221736] loop: module loaded
[   10.222327] ata_piix 0000:00:07.1: version 2.13
[   10.223666] scsi host0: ata_piix
[   10.224463] scsi host1: ata_piix
[   10.224643] ata1: PATA max UDMA/33 cmd 0x1f0 ctl 0x3f6 bmdma 0x1060 irq 14
[   10.224646] ata2: PATA max UDMA/33 cmd 0x170 ctl 0x376 bmdma 0x1068 irq 15
[   10.224824] libphy: Fixed MDIO Bus: probed
[   10.224825] tun: Universal TUN/TAP device driver, 1.6
[   10.224948] PPP generic driver version 2.4.2
[   10.225179] VFIO - User Level meta-driver version: 0.3
[   10.225522] ehci_hcd: USB 2.0 'Enhanced' Host Controller (EHCI) Driver
[   10.225528] ehci-pci: EHCI PCI platform driver
[   10.226125] ehci-pci 0000:02:03.0: EHCI Host Controller
[   10.226132] ehci-pci 0000:02:03.0: new USB bus registered, assigned bus number 1
[   10.226411] ehci-pci 0000:02:03.0: irq 17, io mem 0xfd5ef000
[   10.242724] ehci-pci 0000:02:03.0: USB 2.0 started, EHCI 1.00
[   10.242929] usb usb1: New USB device found, idVendor=1d6b, idProduct=0002, bcdDevice= 5.12
[   10.242933] usb usb1: New USB device strings: Mfr=3, Product=2, SerialNumber=1
[   10.242935] usb usb1: Product: EHCI Host Controller
[   10.242936] usb usb1: Manufacturer: Linux 5.12.0+ ehci_hcd
[   10.242938] usb usb1: SerialNumber: 0000:02:03.0
[   10.243235] hub 1-0:1.0: USB hub found
[   10.243242] hub 1-0:1.0: 6 ports detected
[   10.243426] ehci-platform: EHCI generic platform driver
[   10.243434] ohci_hcd: USB 1.1 'Open' Host Controller (OHCI) Driver
[   10.243439] ohci-pci: OHCI PCI platform driver
[   10.243448] ohci-platform: OHCI generic platform driver
[   10.243453] uhci_hcd: USB Universal Host Controller Interface driver
[   10.243980] uhci_hcd 0000:02:00.0: UHCI Host Controller
[   10.243986] uhci_hcd 0000:02:00.0: new USB bus registered, assigned bus number 2
[   10.244042] uhci_hcd 0000:02:00.0: detected 2 ports
[   10.244248] uhci_hcd 0000:02:00.0: irq 18, io base 0x00002080
[   10.244415] usb usb2: New USB device found, idVendor=1d6b, idProduct=0001, bcdDevice= 5.12
[   10.244418] usb usb2: New USB device strings: Mfr=3, Product=2, SerialNumber=1
[   10.244420] usb usb2: Product: UHCI Host Controller
[   10.244421] usb usb2: Manufacturer: Linux 5.12.0+ uhci_hcd
[   10.244422] usb usb2: SerialNumber: 0000:02:00.0
[   10.244667] hub 2-0:1.0: USB hub found
[   10.244673] hub 2-0:1.0: 2 ports detected
[   10.244892] i8042: PNP: PS/2 Controller [PNP0303:KBC,PNP0f13:MOUS] at 0x60,0x64 irq 1,12
[   10.245875] serio: i8042 KBD port at 0x60,0x64 irq 1
[   10.245883] serio: i8042 AUX port at 0x60,0x64 irq 12
[   10.246217] mousedev: PS/2 mouse device common for all mice
[   10.248438] rtc_cmos 00:01: registered as rtc0
[   10.248685] rtc_cmos 00:01: setting system clock to 2021-05-14T04:59:06 UTC (1620968346)
[   10.248717] rtc_cmos 00:01: alarms up to one month, y3k, 114 bytes nvram, hpet irqs
[   10.248727] i2c /dev entries driver
[   10.248924] device-mapper: uevent: version 1.0.3
[   10.249098] device-mapper: ioctl: 4.45.0-ioctl (2021-03-22) initialised: dm-devel@redhat.com
[   10.249127] platform eisa.0: Probing EISA bus 0
[   10.249130] platform eisa.0: EISA: Cannot allocate resource for mainboard
[   10.249132] platform eisa.0: Cannot allocate resource for EISA slot 1
[   10.249133] platform eisa.0: Cannot allocate resource for EISA slot 2
[   10.249134] platform eisa.0: Cannot allocate resource for EISA slot 3
[   10.249135] platform eisa.0: Cannot allocate resource for EISA slot 4
[   10.249136] platform eisa.0: Cannot allocate resource for EISA slot 5
[   10.249138] platform eisa.0: Cannot allocate resource for EISA slot 6
[   10.249139] platform eisa.0: Cannot allocate resource for EISA slot 7
[   10.249140] platform eisa.0: Cannot allocate resource for EISA slot 8
[   10.249141] platform eisa.0: EISA: Detected 0 cards
[   10.249143] intel_pstate: CPU model not supported
[   10.250059] ledtrig-cpu: registered to indicate activity on CPUs
[   10.250558] drop_monitor: Initializing network drop monitor service
[   10.250772] NET: Registered protocol family 10
[   10.251793] input: AT Translated Set 2 keyboard as /devices/platform/i8042/serio0/input/input1
[   10.261622] Segment Routing with IPv6
[   10.261648] NET: Registered protocol family 17
[   10.261868] Key type dns_resolver registered
[   10.263254] IPI shorthand broadcast: enabled
[   10.263268] sched_clock: Marking stable (10256173961, 7033190)->(10340189022, -76981871)
[   10.264819] registered taskstats version 1
[   10.264839] Loading compiled-in X.509 certificates
[   10.266113] Loaded X.509 cert 'Build time autogenerated kernel key: 6ce42cc6dd2c5e883a0ebb9975abdb4e9a2ca9d1'
[   10.271878] zswap: loaded using pool lzo/zbud
[   10.272916] Key type ._fscrypt registered
[   10.272919] Key type .fscrypt registered
[   10.272920] Key type fscrypt-provisioning registered
[   10.281147] Key type encrypted registered
[   10.281153] AppArmor: AppArmor sha1 policy hashing enabled
[   10.281161] ima: No TPM chip found, activating TPM-bypass!
[   10.281165] Loading compiled-in module X.509 certificates
[   10.281877] Loaded X.509 cert 'Build time autogenerated kernel key: 6ce42cc6dd2c5e883a0ebb9975abdb4e9a2ca9d1'
[   10.281881] ima: Allocated hash algorithm: sha1
[   10.281888] ima: No architecture policies found
[   10.281899] evm: Initialising EVM extended attributes:
[   10.281900] evm: security.selinux
[   10.281901] evm: security.SMACK64
[   10.281901] evm: security.SMACK64EXEC
[   10.281902] evm: security.SMACK64TRANSMUTE
[   10.281903] evm: security.SMACK64MMAP
[   10.281903] evm: security.apparmor
[   10.281904] evm: security.ima
[   10.281904] evm: security.capability
[   10.281905] evm: HMAC attrs: 0x1
[   10.284319] PM:   Magic number: 5:908:969
[   10.284440] pcieport 0000:00:15.0: hash matches
[   10.285435] RAS: Correctable Errors collector initialized.
[   10.406345] Freeing unused decrypted memory: 2036K
[   10.406979] Freeing unused kernel image (initmem) memory: 2852K
[   10.407118] Write protecting the kernel read-only data: 24576k
[   10.408229] Freeing unused kernel image (text/rodata gap) memory: 2036K
[   10.408834] Freeing unused kernel image (rodata/data gap) memory: 664K
[   10.464758] x86/mm: Checked W+X mappings: passed, no W+X pages found.
[   10.464762] x86/mm: Checking user space page tables
[   10.482847] usb 2-1: new full-speed USB device number 2 using uhci_hcd
[   10.516192] x86/mm: Checked W+X mappings: passed, no W+X pages found.
[   10.516198] Run /init as init process
[   10.516200]   with arguments:
[   10.516201]     /init
[   10.516202]     splash
[   10.516203]   with environment:
[   10.516203]     HOME=/
[   10.516204]     TERM=linux
[   10.516205]     BOOT_IMAGE=/boot/vmlinuz-5.12.0+
[   10.652829] usb 2-1: New USB device found, idVendor=0e0f, idProduct=0003, bcdDevice= 1.03
[   10.652836] usb 2-1: New USB device strings: Mfr=1, Product=2, SerialNumber=0
[   10.652838] usb 2-1: Product: VMware Virtual USB Mouse
[   10.652840] usb 2-1: Manufacturer: VMware
[   10.781372] piix4_smbus 0000:00:07.3: SMBus Host Controller not enabled!
[   10.794492] usb 2-2: new full-speed USB device number 3 using uhci_hcd
[   10.797193] Fusion MPT base driver 3.04.20
[   10.797197] Copyright (c) 1999-2008 LSI Corporation
[   10.814667] Fusion MPT SPI Host driver 3.04.20
[   10.832152] mptbase: ioc0: Initiating bringup
[   10.835160] input: VirtualPS/2 VMware VMMouse as /devices/platform/i8042/serio1/input/input4
[   10.835981] input: VirtualPS/2 VMware VMMouse as /devices/platform/i8042/serio1/input/input3
[   10.943318] ioc0: LSI53C1030 B0: Capabilities={Initiator}
[   10.969128] usb 2-2: New USB device found, idVendor=0e0f, idProduct=0002, bcdDevice= 1.00
[   10.969135] usb 2-2: New USB device strings: Mfr=1, Product=2, SerialNumber=0
[   10.969137] usb 2-2: Product: VMware Virtual USB Hub
[   10.969139] usb 2-2: Manufacturer: VMware, Inc.
[   10.979120] hub 2-2:1.0: USB hub found
[   10.982109] hub 2-2:1.0: 7 ports detected
[   11.012566] hid: raw HID events driver (C) Jiri Kosina
[   11.025710] usbcore: registered new interface driver usbhid
[   11.025714] usbhid: USB HID core driver
[   11.034210] input: VMware VMware Virtual USB Mouse as /devices/pci0000:00/0000:00:11.0/0000:02:00.0/usb2/2-1/2-1:1.0/0003:0E0F:0003.0001/input/input5
[   11.034673] hid-generic 0003:0E0F:0003.0001: input,hidraw0: USB HID v1.10 Mouse [VMware VMware Virtual USB Mouse] on usb-0000:02:00.0-1/input0
[   11.041146] ahci 0000:02:05.0: version 3.0
[   11.042533] ahci 0000:02:05.0: AHCI 0001.0300 32 slots 30 ports 6 Gbps 0x3fffffff impl SATA mode
[   11.042538] ahci 0000:02:05.0: flags: 64bit ncq clo only 
[   11.045574] scsi host2: ahci
[   11.046165] scsi host3: ahci
[   11.046836] scsi host4: ahci
[   11.047396] scsi host5: ahci
[   11.047842] scsi host6: ahci
[   11.048283] scsi host7: ahci
[   11.048763] scsi host8: ahci
[   11.049278] scsi host9: ahci
[   11.049748] scsi host10: ahci
[   11.050271] scsi host11: ahci
[   11.050687] e1000: Intel(R) PRO/1000 Network Driver
[   11.050690] e1000: Copyright (c) 1999-2006 Intel Corporation.
[   11.050722] scsi host12: ahci
[   11.051120] scsi host13: ahci
[   11.051552] scsi host14: ahci
[   11.051926] scsi host15: ahci
[   11.052437] scsi host16: ahci
[   11.052929] scsi host17: ahci
[   11.053412] scsi host18: ahci
[   11.053919] scsi host19: ahci
[   11.054461] scsi host20: ahci
[   11.054953] scsi host21: ahci
[   11.055459] scsi host22: ahci
[   11.055930] scsi host23: ahci
[   11.056456] scsi host24: ahci
[   11.056888] scsi host25: ahci
[   11.057319] scsi host26: ahci
[   11.057728] scsi host27: ahci
[   11.058185] scsi host28: ahci
[   11.058600] scsi host29: ahci
[   11.059043] scsi host30: ahci
[   11.059513] scsi host31: ahci
